Archive member included to satisfy reference by file (symbol)

/usr/lib/gcc/arm-none-eabi/4.8/../../../arm-none-eabi/lib/armv7e-m/softfp/libc_nano.a(lib_a-atexit.o)
                              /usr/lib/gcc/arm-none-eabi/4.8/../../../arm-none-eabi/lib/armv7e-m/softfp/rdimon-crt0.o (atexit)
/usr/lib/gcc/arm-none-eabi/4.8/../../../arm-none-eabi/lib/armv7e-m/softfp/libc_nano.a(lib_a-exit.o)
                              /usr/lib/gcc/arm-none-eabi/4.8/../../../arm-none-eabi/lib/armv7e-m/softfp/rdimon-crt0.o (exit)
/usr/lib/gcc/arm-none-eabi/4.8/../../../arm-none-eabi/lib/armv7e-m/softfp/libc_nano.a(lib_a-fini.o)
                              /usr/lib/gcc/arm-none-eabi/4.8/../../../arm-none-eabi/lib/armv7e-m/softfp/rdimon-crt0.o (__libc_fini_array)
/usr/lib/gcc/arm-none-eabi/4.8/../../../arm-none-eabi/lib/armv7e-m/softfp/libc_nano.a(lib_a-impure.o)
                              /usr/lib/gcc/arm-none-eabi/4.8/../../../arm-none-eabi/lib/armv7e-m/softfp/libc_nano.a(lib_a-exit.o) (_global_impure_ptr)
/usr/lib/gcc/arm-none-eabi/4.8/../../../arm-none-eabi/lib/armv7e-m/softfp/libc_nano.a(lib_a-init.o)
                              /usr/lib/gcc/arm-none-eabi/4.8/../../../arm-none-eabi/lib/armv7e-m/softfp/rdimon-crt0.o (__libc_init_array)
/usr/lib/gcc/arm-none-eabi/4.8/../../../arm-none-eabi/lib/armv7e-m/softfp/libc_nano.a(lib_a-memset.o)
                              /usr/lib/gcc/arm-none-eabi/4.8/../../../arm-none-eabi/lib/armv7e-m/softfp/rdimon-crt0.o (memset)
/usr/lib/gcc/arm-none-eabi/4.8/../../../arm-none-eabi/lib/armv7e-m/softfp/libc_nano.a(lib_a-nano-vfprintf_float.o)
                              (_printf_float)
/usr/lib/gcc/arm-none-eabi/4.8/../../../arm-none-eabi/lib/armv7e-m/softfp/libc_nano.a(lib_a-nano-vfprintf_i.o)
                              /usr/lib/gcc/arm-none-eabi/4.8/../../../arm-none-eabi/lib/armv7e-m/softfp/libc_nano.a(lib_a-nano-vfprintf_float.o) (_printf_common)
/usr/lib/gcc/arm-none-eabi/4.8/../../../arm-none-eabi/lib/armv7e-m/softfp/libc_nano.a(lib_a-printf.o)
                              build/main.o (printf)
/usr/lib/gcc/arm-none-eabi/4.8/../../../arm-none-eabi/lib/armv7e-m/softfp/libc_nano.a(lib_a-puts.o)
                              build/main.o (puts)
/usr/lib/gcc/arm-none-eabi/4.8/../../../arm-none-eabi/lib/armv7e-m/softfp/libc_nano.a(lib_a-s_fpclassify.o)
                              /usr/lib/gcc/arm-none-eabi/4.8/../../../arm-none-eabi/lib/armv7e-m/softfp/libc_nano.a(lib_a-nano-vfprintf_float.o) (__fpclassifyd)
/usr/lib/gcc/arm-none-eabi/4.8/../../../arm-none-eabi/lib/armv7e-m/softfp/libc_nano.a(lib_a-strlen.o)
                              /usr/lib/gcc/arm-none-eabi/4.8/../../../arm-none-eabi/lib/armv7e-m/softfp/libc_nano.a(lib_a-nano-vfprintf_float.o) (strlen)
/usr/lib/gcc/arm-none-eabi/4.8/../../../arm-none-eabi/lib/armv7e-m/softfp/libc_nano.a(lib_a-wbuf.o)
                              /usr/lib/gcc/arm-none-eabi/4.8/../../../arm-none-eabi/lib/armv7e-m/softfp/libc_nano.a(lib_a-puts.o) (__swbuf_r)
/usr/lib/gcc/arm-none-eabi/4.8/../../../arm-none-eabi/lib/armv7e-m/softfp/libc_nano.a(lib_a-wsetup.o)
                              /usr/lib/gcc/arm-none-eabi/4.8/../../../arm-none-eabi/lib/armv7e-m/softfp/libc_nano.a(lib_a-puts.o) (__swsetup_r)
/usr/lib/gcc/arm-none-eabi/4.8/../../../arm-none-eabi/lib/armv7e-m/softfp/libc_nano.a(lib_a-__atexit.o)
                              /usr/lib/gcc/arm-none-eabi/4.8/../../../arm-none-eabi/lib/armv7e-m/softfp/libc_nano.a(lib_a-atexit.o) (__register_exitproc)
/usr/lib/gcc/arm-none-eabi/4.8/../../../arm-none-eabi/lib/armv7e-m/softfp/libc_nano.a(lib_a-__call_atexit.o)
                              /usr/lib/gcc/arm-none-eabi/4.8/../../../arm-none-eabi/lib/armv7e-m/softfp/libc_nano.a(lib_a-__atexit.o) (__call_exitprocs)
/usr/lib/gcc/arm-none-eabi/4.8/../../../arm-none-eabi/lib/armv7e-m/softfp/libc_nano.a(lib_a-dtoa.o)
                              /usr/lib/gcc/arm-none-eabi/4.8/../../../arm-none-eabi/lib/armv7e-m/softfp/libc_nano.a(lib_a-nano-vfprintf_float.o) (_dtoa_r)
/usr/lib/gcc/arm-none-eabi/4.8/../../../arm-none-eabi/lib/armv7e-m/softfp/libc_nano.a(lib_a-fflush.o)
                              /usr/lib/gcc/arm-none-eabi/4.8/../../../arm-none-eabi/lib/armv7e-m/softfp/libc_nano.a(lib_a-wbuf.o) (_fflush_r)
/usr/lib/gcc/arm-none-eabi/4.8/../../../arm-none-eabi/lib/armv7e-m/softfp/libc_nano.a(lib_a-findfp.o)
                              /usr/lib/gcc/arm-none-eabi/4.8/../../../arm-none-eabi/lib/armv7e-m/softfp/libc_nano.a(lib_a-printf.o) (__sinit)
/usr/lib/gcc/arm-none-eabi/4.8/../../../arm-none-eabi/lib/armv7e-m/softfp/libc_nano.a(lib_a-fwalk.o)
                              /usr/lib/gcc/arm-none-eabi/4.8/../../../arm-none-eabi/lib/armv7e-m/softfp/libc_nano.a(lib_a-findfp.o) (_fwalk)
/usr/lib/gcc/arm-none-eabi/4.8/../../../arm-none-eabi/lib/armv7e-m/softfp/libc_nano.a(lib_a-locale.o)
                              /usr/lib/gcc/arm-none-eabi/4.8/../../../arm-none-eabi/lib/armv7e-m/softfp/libc_nano.a(lib_a-nano-vfprintf_float.o) (_localeconv_r)
[...]
Memory Configuration

Name             Origin             Length             Attributes
FLASH            0x0000000008000000 0x0000000000200000 xr
RAM              0x0000000020000000 0x0000000000030000 xrw
CCMRAM           0x0000000010000000 0x0000000000010000 rw
*default*        0x0000000000000000 0xffffffffffffffff

Linker script and memory map

LOAD /usr/lib/gcc/arm-none-eabi/4.8/armv7e-m/softfp/crti.o
LOAD /usr/lib/gcc/arm-none-eabi/4.8/armv7e-m/softfp/crtbegin.o
LOAD /usr/lib/gcc/arm-none-eabi/4.8/../../../arm-none-eabi/lib/armv7e-m/softfp/rdimon-crt0.o
LOAD build/stm32f429i_discovery.o
LOAD build/stm32f4xx_hal.o
LOAD build/stm32f4xx_hal_cortex.o
LOAD build/stm32f4xx_hal_dma.o
LOAD build/stm32f4xx_hal_flash.o
LOAD build/stm32f4xx_hal_flash_ex.o
LOAD build/stm32f4xx_hal_gpio.o
LOAD build/stm32f4xx_hal_i2c.o
LOAD build/stm32f4xx_hal_i2c_ex.o
LOAD build/stm32f4xx_hal_pwr.o
LOAD build/stm32f4xx_hal_pwr_ex.o
LOAD build/stm32f4xx_hal_rcc.o
LOAD build/stm32f4xx_hal_rcc_ex.o
LOAD build/stm32f4xx_hal_spi.o
LOAD build/stm32f4xx_hal_uart.o
LOAD build/main.o
LOAD build/stm32f4xx_hal_msp.o
LOAD build/stm32f4xx_it.o
LOAD build/system_stm32f4xx.o
LOAD build/startup_stm32f429xx.o
LOAD /usr/lib/gcc/arm-none-eabi/4.8/../../../arm-none-eabi/lib/armv7e-m/softfp/libc_nano.a
LOAD /usr/lib/gcc/arm-none-eabi/4.8/../../../arm-none-eabi/lib/armv7e-m/softfp/librdimon_nano.a
LOAD /usr/lib/gcc/arm-none-eabi/4.8/../../../arm-none-eabi/lib/armv7e-m/softfp/libc_nano.a
LOAD /usr/lib/gcc/arm-none-eabi/4.8/../../../arm-none-eabi/lib/armv7e-m/softfp/libm.a
LOAD /usr/lib/gcc/arm-none-eabi/4.8/../../../arm-none-eabi/lib/armv7e-m/softfp/libnosys.a
START GROUP
LOAD /usr/lib/gcc/arm-none-eabi/4.8/armv7e-m/softfp/libgcc.a
LOAD /usr/lib/gcc/arm-none-eabi/4.8/../../../arm-none-eabi/lib/armv7e-m/softfp/libc_nano.a
END GROUP
START GROUP
LOAD /usr/lib/gcc/arm-none-eabi/4.8/armv7e-m/softfp/libgcc.a
LOAD /usr/lib/gcc/arm-none-eabi/4.8/../../../arm-none-eabi/lib/armv7e-m/softfp/libc_nano.a
LOAD /usr/lib/gcc/arm-none-eabi/4.8/../../../arm-none-eabi/lib/armv7e-m/softfp/libnosys.a
END GROUP
START GROUP
LOAD /usr/lib/gcc/arm-none-eabi/4.8/armv7e-m/softfp/libgcc.a
LOAD /usr/lib/gcc/arm-none-eabi/4.8/../../../arm-none-eabi/lib/armv7e-m/softfp/libc_nano.a
LOAD /usr/lib/gcc/arm-none-eabi/4.8/../../../arm-none-eabi/lib/armv7e-m/softfp/librdimon_nano.a
LOAD /usr/lib/gcc/arm-none-eabi/4.8/../../../arm-none-eabi/lib/armv7e-m/softfp/libnosys.a
END GROUP
START GROUP
LOAD /usr/lib/gcc/arm-none-eabi/4.8/armv7e-m/softfp/libgcc.a
LOAD /usr/lib/gcc/arm-none-eabi/4.8/../../../arm-none-eabi/lib/armv7e-m/softfp/libc_nano.a
LOAD /usr/lib/gcc/arm-none-eabi/4.8/../../../arm-none-eabi/lib/armv7e-m/softfp/librdimon_nano.a
END GROUP
LOAD /usr/lib/gcc/arm-none-eabi/4.8/armv7e-m/softfp/crtend.o
LOAD /usr/lib/gcc/arm-none-eabi/4.8/armv7e-m/softfp/crtn.o
                0x0000000020030000                _estack = 0x20030000
                0x0000000000000200                _Min_Heap_Size = 0x200
                0x0000000000000400                _Min_Stack_Size = 0x400

.isr_vector     0x0000000008000000      0x1ac
                0x0000000008000000                . = ALIGN (0x4)
 *(.isr_vector)
 .isr_vector    0x0000000008000000      0x1ac build/startup_stm32f429xx.o
                0x0000000008000000                g_pfnVectors
                0x00000000080001ac                . = ALIGN (0x4)

.text           0x00000000080001b0     0x51b4
                0x00000000080001b0                . = ALIGN (0x4)
 *(.text)
 .text          0x00000000080001b0       0xac /usr/lib/gcc/arm-none-eabi/4.8/armv7e-m/softfp/crtbegin.o
 .text          0x000000000800025c      0x370 /usr/lib/gcc/arm-none-eabi/4.8/armv7e-m/softfp/libgcc.a(_arm_addsubdf3.o)
                0x000000000800025c                __aeabi_drsub
                0x0000000008000264                __aeabi_dsub
                0x0000000008000264                __subdf3
                0x0000000008000268                __adddf3
                0x0000000008000268                __aeabi_dadd
                0x00000000080004e0                __aeabi_ui2d
                0x00000000080004e0                __floatunsidf
                0x0000000008000500                __floatsidf
                0x0000000008000500                __aeabi_i2d
                0x0000000008000524                __extendsfdf2
                0x0000000008000524                __aeabi_f2d
                0x0000000008000560                __aeabi_ul2d
                0x0000000008000560                __floatundidf
                0x0000000008000570                __floatdidf
                0x0000000008000570                __aeabi_l2d
 .text          0x00000000080005cc      0x424 /usr/lib/gcc/arm-none-eabi/4.8/armv7e-m/softfp/libgcc.a(_arm_muldivdf3.o)
                0x00000000080005cc                __aeabi_dmul
                0x00000000080005cc                __muldf3
                0x0000000008000820                __aeabi_ddiv
                0x0000000008000820                __divdf3
 .text          0x00000000080009f0      0x110 /usr/lib/gcc/arm-none-eabi/4.8/armv7e-m/softfp/libgcc.a(_arm_cmpdf2.o)
                0x00000000080009f0                __gtdf2
                0x00000000080009f0                __gedf2
                0x00000000080009f8                __ltdf2
                0x00000000080009f8                __ledf2
                0x0000000008000a00                __cmpdf2
                0x0000000008000a00                __eqdf2
                0x0000000008000a00                __nedf2
                0x0000000008000a7c                __aeabi_cdrcmple
                0x0000000008000a8c                __aeabi_cdcmple
                0x0000000008000a8c                __aeabi_cdcmpeq
                0x0000000008000a9c                __aeabi_dcmpeq
                0x0000000008000ab0                __aeabi_dcmplt
                0x0000000008000ac4                __aeabi_dcmple
                0x0000000008000ad8                __aeabi_dcmpge
                0x0000000008000aec                __aeabi_dcmpgt
 .text          0x0000000008000b00       0x50 /usr/lib/gcc/arm-none-eabi/4.8/armv7e-m/softfp/libgcc.a(_arm_fixdfsi.o)
                0x0000000008000b00                __fixdfsi
                0x0000000008000b00                __aeabi_d2iz
 *(.text*)
 .text.HAL_Init
                0x0000000008000b50       0x44 build/stm32f4xx_hal.o
                0x0000000008000b50                HAL_Init
 .text.HAL_InitTick
                0x0000000008000b94       0x38 build/stm32f4xx_hal.o
                0x0000000008000b94                HAL_InitTick
 .text.HAL_IncTick
                0x0000000008000bcc       0x1c build/stm32f4xx_hal.o
                0x0000000008000bcc                HAL_IncTick
 .text.HAL_GetTick
                0x0000000008000be8       0x18 build/stm32f4xx_hal.o
                0x0000000008000be8                HAL_GetTick
 .text.HAL_Delay
                0x0000000008000c00       0x2c build/stm32f4xx_hal.o
                0x0000000008000c00                HAL_Delay
 .text.NVIC_SetPriorityGrouping
                0x0000000008000c2c       0x48 build/stm32f4xx_hal_cortex.o
 .text.NVIC_GetPriorityGrouping
                0x0000000008000c74       0x1c build/stm32f4xx_hal_cortex.o
 .text.NVIC_SetPriority
                0x0000000008000c90       0x54 build/stm32f4xx_hal_cortex.o
 .text.NVIC_EncodePriority
                0x0000000008000ce4       0x64 build/stm32f4xx_hal_cortex.o
 .text.SysTick_Config
                0x0000000008000d48       0x44 build/stm32f4xx_hal_cortex.o
 .text.HAL_NVIC_SetPriorityGrouping
                0x0000000008000d8c       0x14 build/stm32f4xx_hal_cortex.o
                0x0000000008000d8c                HAL_NVIC_SetPriorityGrouping
 .text.HAL_NVIC_SetPriority
                0x0000000008000da0       0x38 build/stm32f4xx_hal_cortex.o
                0x0000000008000da0                HAL_NVIC_SetPriority
 .text.HAL_SYSTICK_Config
                0x0000000008000dd8       0x18 build/stm32f4xx_hal_cortex.o
                0x0000000008000dd8                HAL_SYSTICK_Config
 .text.HAL_SYSTICK_CLKSourceConfig
                0x0000000008000df0       0x38 build/stm32f4xx_hal_cortex.o
                0x0000000008000df0                HAL_SYSTICK_CLKSourceConfig
 .text.HAL_SYSTICK_IRQHandler
                0x0000000008000e28        0xc build/stm32f4xx_hal_cortex.o
                0x0000000008000e28                HAL_SYSTICK_IRQHandler
 .text.HAL_SYSTICK_Callback
                0x0000000008000e34        0xc build/stm32f4xx_hal_cortex.o
                0x0000000008000e34                HAL_SYSTICK_Callback
 .text.HAL_GPIO_Init
                0x0000000008000e40      0x350 build/stm32f4xx_hal_gpio.o
                0x0000000008000e40                HAL_GPIO_Init
 .text.HAL_I2C_Init
                0x0000000008001190      0x1b4 build/stm32f4xx_hal_i2c.o
                0x0000000008001190                HAL_I2C_Init
 .text.HAL_I2C_Master_Transmit
                0x0000000008001344      0x164 build/stm32f4xx_hal_i2c.o
                0x0000000008001344                HAL_I2C_Master_Transmit
 .text.HAL_I2C_Master_Receive
                0x00000000080014a8      0x2f0 build/stm32f4xx_hal_i2c.o
                0x00000000080014a8                HAL_I2C_Master_Receive
 .text.I2C_MasterRequestWrite
                0x0000000008001798       0xc4 build/stm32f4xx_hal_i2c.o
 .text.I2C_MasterRequestRead
                0x000000000800185c      0x144 build/stm32f4xx_hal_i2c.o
 .text.I2C_WaitOnFlagUntilTimeout
                0x00000000080019a0      0x114 build/stm32f4xx_hal_i2c.o
 .text.I2C_WaitOnMasterAddressFlagUntilTimeout
                0x0000000008001ab4       0xd8 build/stm32f4xx_hal_i2c.o
 .text.HAL_RCC_OscConfig
                0x0000000008001b8c      0x48c build/stm32f4xx_hal_rcc.o
                0x0000000008001b8c                HAL_RCC_OscConfig
 .text.HAL_RCC_ClockConfig
                0x0000000008002018      0x31c build/stm32f4xx_hal_rcc.o
                0x0000000008002018                HAL_RCC_ClockConfig
 .text.HAL_RCC_GetSysClockFreq
                0x0000000008002334       0xfc build/stm32f4xx_hal_rcc.o
                0x0000000008002334                HAL_RCC_GetSysClockFreq
 .text.HAL_RCC_GetHCLKFreq
                0x0000000008002430       0x4c build/stm32f4xx_hal_rcc.o
                0x0000000008002430                HAL_RCC_GetHCLKFreq
 .text.HAL_RCC_GetPCLK1Freq
                0x000000000800247c       0x44 build/stm32f4xx_hal_rcc.o
                0x000000000800247c                HAL_RCC_GetPCLK1Freq
 .text.main     0x00000000080024c0       0xc0 build/main.o
                0x00000000080024c0                main
 .text.SystemClock_Config
                0x0000000008002580       0xc0 build/main.o
                0x0000000008002580                SystemClock_Config
 .text.MX_I2C3_Init
                0x0000000008002640       0x50 build/main.o
 .text.MX_GPIO_Init
                0x0000000008002690      0x110 build/main.o
 .text.HAL_MspInit
                0x00000000080027a0       0x18 build/stm32f4xx_hal_msp.o
                0x00000000080027a0                HAL_MspInit
 .text.HAL_I2C_MspInit
                0x00000000080027b8       0x84 build/stm32f4xx_hal_msp.o
                0x00000000080027b8                HAL_I2C_MspInit
 .text.SysTick_Handler
                0x000000000800283c       0x10 build/stm32f4xx_it.o
                0x000000000800283c                SysTick_Handler
 .text.SystemInit
                0x000000000800284c       0x6c build/system_stm32f4xx.o
                0x000000000800284c                SystemInit
 .text.Reset_Handler
                0x00000000080028b8       0x50 build/startup_stm32f429xx.o
                0x00000000080028b8                Reset_Handler
 .text.Default_Handler
                0x0000000008002908        0x2 build/startup_stm32f429xx.o
                0x0000000008002908                RTC_Alarm_IRQHandler
                0x0000000008002908                HASH_RNG_IRQHandler
                0x0000000008002908                EXTI2_IRQHandler
                0x0000000008002908                TIM8_CC_IRQHandler
                0x0000000008002908                DebugMon_Handler
                0x0000000008002908                UART8_IRQHandler
                0x0000000008002908                SPI4_IRQHandler
                0x0000000008002908                TIM1_CC_IRQHandler
                0x0000000008002908                DMA2_Stream5_IRQHandler
                0x0000000008002908                HardFault_Handler
                0x0000000008002908                DMA1_Stream5_IRQHandler
                0x0000000008002908                PVD_IRQHandler
                0x0000000008002908                SDIO_IRQHandler
                0x0000000008002908                TAMP_STAMP_IRQHandler
                0x0000000008002908                PendSV_Handler
                0x0000000008002908                NMI_Handler
                0x0000000008002908                CAN2_RX1_IRQHandler
                0x0000000008002908                EXTI3_IRQHandler
                0x0000000008002908                TIM8_TRG_COM_TIM14_IRQHandler
                0x0000000008002908                TIM1_UP_TIM10_IRQHandler
                0x0000000008002908                TIM8_UP_TIM13_IRQHandler
                0x0000000008002908                I2C3_ER_IRQHandler
                0x0000000008002908                EXTI0_IRQHandler
                0x0000000008002908                I2C2_EV_IRQHandler
                0x0000000008002908                DMA1_Stream2_IRQHandler
                0x0000000008002908                CAN1_RX0_IRQHandler
                0x0000000008002908                FPU_IRQHandler
                0x0000000008002908                OTG_HS_WKUP_IRQHandler
                0x0000000008002908                UsageFault_Handler
                0x0000000008002908                LTDC_ER_IRQHandler
                0x0000000008002908                CAN2_SCE_IRQHandler
                0x0000000008002908                DMA2_Stream2_IRQHandler
                0x0000000008002908                SPI1_IRQHandler
                0x0000000008002908                TIM6_DAC_IRQHandler
                0x0000000008002908                TIM1_BRK_TIM9_IRQHandler
                0x0000000008002908                DCMI_IRQHandler
                0x0000000008002908                CAN2_RX0_IRQHandler
                0x0000000008002908                DMA2_Stream3_IRQHandler
                0x0000000008002908                USART6_IRQHandler
                0x0000000008002908                USART3_IRQHandler
                0x0000000008002908                CAN1_RX1_IRQHandler
                0x0000000008002908                UART5_IRQHandler
                0x0000000008002908                DMA2_Stream0_IRQHandler
                0x0000000008002908                TIM4_IRQHandler
                0x0000000008002908                I2C1_EV_IRQHandler
                0x0000000008002908                DMA1_Stream6_IRQHandler
                0x0000000008002908                DMA1_Stream1_IRQHandler
                0x0000000008002908                UART4_IRQHandler
                0x0000000008002908                TIM3_IRQHandler
                0x0000000008002908                RCC_IRQHandler
                0x0000000008002908                TIM8_BRK_TIM12_IRQHandler
                0x0000000008002908                Default_Handler
                0x0000000008002908                EXTI15_10_IRQHandler
                0x0000000008002908                ADC_IRQHandler
                0x0000000008002908                DMA1_Stream7_IRQHandler
                0x0000000008002908                SPI5_IRQHandler
                0x0000000008002908                TIM7_IRQHandler
                0x0000000008002908                CAN2_TX_IRQHandler
                0x0000000008002908                TIM5_IRQHandler
                0x0000000008002908                DMA2_Stream7_IRQHandler
                0x0000000008002908                I2C3_EV_IRQHandler
                0x0000000008002908                EXTI9_5_IRQHandler
                0x0000000008002908                RTC_WKUP_IRQHandler
                0x0000000008002908                LTDC_IRQHandler
                0x0000000008002908                ETH_WKUP_IRQHandler
                0x0000000008002908                SPI2_IRQHandler
                0x0000000008002908                OTG_HS_EP1_IN_IRQHandler
                0x0000000008002908                MemManage_Handler
                0x0000000008002908                DMA1_Stream0_IRQHandler
                0x0000000008002908                CAN1_TX_IRQHandler
                0x0000000008002908                SVC_Handler
                0x0000000008002908                EXTI4_IRQHandler
                0x0000000008002908                ETH_IRQHandler
                0x0000000008002908                OTG_HS_EP1_OUT_IRQHandler
                0x0000000008002908                WWDG_IRQHandler
                0x0000000008002908                SPI6_IRQHandler
                0x0000000008002908                TIM2_IRQHandler
                0x0000000008002908                OTG_FS_WKUP_IRQHandler
                0x0000000008002908                TIM1_TRG_COM_TIM11_IRQHandler
                0x0000000008002908                OTG_HS_IRQHandler
                0x0000000008002908                DMA2D_IRQHandler
                0x0000000008002908                EXTI1_IRQHandler
                0x0000000008002908                UART7_IRQHandler
                0x0000000008002908                USART2_IRQHandler
                0x0000000008002908                I2C2_ER_IRQHandler
                0x0000000008002908                DMA2_Stream1_IRQHandler
                0x0000000008002908                CAN1_SCE_IRQHandler
                0x0000000008002908                FLASH_IRQHandler
                0x0000000008002908                DMA2_Stream4_IRQHandler
                0x0000000008002908                BusFault_Handler
                0x0000000008002908                USART1_IRQHandler
                0x0000000008002908                OTG_FS_IRQHandler
                0x0000000008002908                SPI3_IRQHandler
                0x0000000008002908                DMA1_Stream4_IRQHandler
                0x0000000008002908                I2C1_ER_IRQHandler
                0x0000000008002908                FMC_IRQHandler
                0x0000000008002908                DMA2_Stream6_IRQHandler
                0x0000000008002908                SAI1_IRQHandler
                0x0000000008002908                DMA1_Stream3_IRQHandler
 *fill*         0x000000000800290a        0x2 
 .text.__libc_init_array
                0x000000000800290c       0x4c /usr/lib/gcc/arm-none-eabi/4.8/../../../arm-none-eabi/lib/armv7e-m/softfp/libc_nano.a(lib_a-init.o)
                0x000000000800290c                __libc_init_array
 .text.memset   0x0000000008002958       0x10 /usr/lib/gcc/arm-none-eabi/4.8/../../../arm-none-eabi/lib/armv7e-m/softfp/libc_nano.a(lib_a-memset.o)
                0x0000000008002958                memset
 .text.__cvt    0x0000000008002968       0xc0 /usr/lib/gcc/arm-none-eabi/4.8/../../../arm-none-eabi/lib/armv7e-m/softfp/libc_nano.a(lib_a-nano-vfprintf_float.o)
                0x0000000008002968                __cvt
 .text.__exponent
                0x0000000008002a28       0x66 /usr/lib/gcc/arm-none-eabi/4.8/../../../arm-none-eabi/lib/armv7e-m/softfp/libc_nano.a(lib_a-nano-vfprintf_float.o)
                0x0000000008002a28                __exponent
 *fill*         0x0000000008002a8e        0x2 
 .text._printf_float
                0x0000000008002a90      0x41c /usr/lib/gcc/arm-none-eabi/4.8/../../../arm-none-eabi/lib/armv7e-m/softfp/libc_nano.a(lib_a-nano-vfprintf_float.o)
                0x0000000008002a90                _printf_float
 .text._printf_common
                0x0000000008002eac       0xe4 /usr/lib/gcc/arm-none-eabi/4.8/../../../arm-none-eabi/lib/armv7e-m/softfp/libc_nano.a(lib_a-nano-vfprintf_i.o)
                0x0000000008002eac                _printf_common
 .text._printf_i
                0x0000000008002f90      0x22c /usr/lib/gcc/arm-none-eabi/4.8/../../../arm-none-eabi/lib/armv7e-m/softfp/libc_nano.a(lib_a-nano-vfprintf_i.o)
                0x0000000008002f90                _printf_i
 .text.printf   0x00000000080031bc       0x30 /usr/lib/gcc/arm-none-eabi/4.8/../../../arm-none-eabi/lib/armv7e-m/softfp/libc_nano.a(lib_a-printf.o)
                0x00000000080031bc                printf
                0x00000000080031bc                iprintf
 .text._puts_r  0x00000000080031ec       0xc0 /usr/lib/gcc/arm-none-eabi/4.8/../../../arm-none-eabi/lib/armv7e-m/softfp/libc_nano.a(lib_a-puts.o)
                0x00000000080031ec                _puts_r
 .text.puts     0x00000000080032ac       0x10 /usr/lib/gcc/arm-none-eabi/4.8/../../../arm-none-eabi/lib/armv7e-m/softfp/libc_nano.a(lib_a-puts.o)
                0x00000000080032ac                puts
 .text.__fpclassifyd
                0x00000000080032bc       0x44 /usr/lib/gcc/arm-none-eabi/4.8/../../../arm-none-eabi/lib/armv7e-m/softfp/libc_nano.a(lib_a-s_fpclassify.o)
                0x00000000080032bc                __fpclassifyd
 .text.strlen   0x0000000008003300       0x10 /usr/lib/gcc/arm-none-eabi/4.8/../../../arm-none-eabi/lib/armv7e-m/softfp/libc_nano.a(lib_a-strlen.o)
                0x0000000008003300                strlen
 .text.__swbuf_r
                0x0000000008003310       0xa8 /usr/lib/gcc/arm-none-eabi/4.8/../../../arm-none-eabi/lib/armv7e-m/softfp/libc_nano.a(lib_a-wbuf.o)
                0x0000000008003310                __swbuf_r
 .text.__swsetup_r
                0x00000000080033b8       0xdc /usr/lib/gcc/arm-none-eabi/4.8/../../../arm-none-eabi/lib/armv7e-m/softfp/libc_nano.a(lib_a-wsetup.o)
                0x00000000080033b8                __swsetup_r
 .text.quorem   0x0000000008003494      0x11a /usr/lib/gcc/arm-none-eabi/4.8/../../../arm-none-eabi/lib/armv7e-m/softfp/libc_nano.a(lib_a-dtoa.o)
 *fill*         0x00000000080035ae        0x2 
 .text._dtoa_r  0x00000000080035b0      0xb70 /usr/lib/gcc/arm-none-eabi/4.8/../../../arm-none-eabi/lib/armv7e-m/softfp/libc_nano.a(lib_a-dtoa.o)
                0x00000000080035b0                _dtoa_r
 .text.__sflush_r
                0x0000000008004120      0x106 /usr/lib/gcc/arm-none-eabi/4.8/../../../arm-none-eabi/lib/armv7e-m/softfp/libc_nano.a(lib_a-fflush.o)
                0x0000000008004120                __sflush_r
 *fill*         0x0000000008004226        0x2 
 .text._fflush_r
                0x0000000008004228       0x54 /usr/lib/gcc/arm-none-eabi/4.8/../../../arm-none-eabi/lib/armv7e-m/softfp/libc_nano.a(lib_a-fflush.o)
                0x0000000008004228                _fflush_r
 .text._cleanup_r
                0x000000000800427c        0xc /usr/lib/gcc/arm-none-eabi/4.8/../../../arm-none-eabi/lib/armv7e-m/softfp/libc_nano.a(lib_a-findfp.o)
                0x000000000800427c                _cleanup_r
 .text.std.isra.0
                0x0000000008004288       0x48 /usr/lib/gcc/arm-none-eabi/4.8/../../../arm-none-eabi/lib/armv7e-m/softfp/libc_nano.a(lib_a-findfp.o)
 .text.__sfmoreglue
                0x00000000080042d0       0x2c /usr/lib/gcc/arm-none-eabi/4.8/../../../arm-none-eabi/lib/armv7e-m/softfp/libc_nano.a(lib_a-findfp.o)
                0x00000000080042d0                __sfmoreglue
 .text.__sinit  0x00000000080042fc       0x60 /usr/lib/gcc/arm-none-eabi/4.8/../../../arm-none-eabi/lib/armv7e-m/softfp/libc_nano.a(lib_a-findfp.o)
                0x00000000080042fc                __sinit
 .text.__sfp    0x000000000800435c       0x74 /usr/lib/gcc/arm-none-eabi/4.8/../../../arm-none-eabi/lib/armv7e-m/softfp/libc_nano.a(lib_a-findfp.o)
                0x000000000800435c                __sfp
 .text.__sfp_lock_acquire
                0x00000000080043d0        0x2 /usr/lib/gcc/arm-none-eabi/4.8/../../../arm-none-eabi/lib/armv7e-m/softfp/libc_nano.a(lib_a-findfp.o)
                0x00000000080043d0                __sfp_lock_acquire
 .text.__sfp_lock_release
                0x00000000080043d2        0x2 /usr/lib/gcc/arm-none-eabi/4.8/../../../arm-none-eabi/lib/armv7e-m/softfp/libc_nano.a(lib_a-findfp.o)
                0x00000000080043d2                __sfp_lock_release
 .text._fwalk_reent
                0x00000000080043d4       0x3c /usr/lib/gcc/arm-none-eabi/4.8/../../../arm-none-eabi/lib/armv7e-m/softfp/libc_nano.a(lib_a-fwalk.o)
                0x00000000080043d4                _fwalk_reent
 .text._localeconv_r
                0x0000000008004410        0x8 /usr/lib/gcc/arm-none-eabi/4.8/../../../arm-none-eabi/lib/armv7e-m/softfp/libc_nano.a(lib_a-locale.o)
                0x0000000008004410                _localeconv_r
 .text.__smakebuf_r
                0x0000000008004418       0x9c /usr/lib/gcc/arm-none-eabi/4.8/../../../arm-none-eabi/lib/armv7e-m/softfp/libc_nano.a(lib_a-makebuf.o)
                0x0000000008004418                __smakebuf_r
 .text.malloc   0x00000000080044b4       0x10 /usr/lib/gcc/arm-none-eabi/4.8/../../../arm-none-eabi/lib/armv7e-m/softfp/libc_nano.a(lib_a-malloc.o)
                0x00000000080044b4                malloc
 .text.memcpy   0x00000000080044c4       0x12 /usr/lib/gcc/arm-none-eabi/4.8/../../../arm-none-eabi/lib/armv7e-m/softfp/libc_nano.a(lib_a-memcpy-stub.o)
                0x00000000080044c4                memcpy
 .text._Balloc  0x00000000080044d6       0x6a /usr/lib/gcc/arm-none-eabi/4.8/../../../arm-none-eabi/lib/armv7e-m/softfp/libc_nano.a(lib_a-mprec.o)
                0x00000000080044d6                _Balloc
 .text._Bfree   0x0000000008004540       0x2e /usr/lib/gcc/arm-none-eabi/4.8/../../../arm-none-eabi/lib/armv7e-m/softfp/libc_nano.a(lib_a-mprec.o)
                0x0000000008004540                _Bfree
 .text.__multadd
                0x000000000800456e       0x74 /usr/lib/gcc/arm-none-eabi/4.8/../../../arm-none-eabi/lib/armv7e-m/softfp/libc_nano.a(lib_a-mprec.o)
                0x000000000800456e                __multadd
 .text.__hi0bits
                0x00000000080045e2       0x40 /usr/lib/gcc/arm-none-eabi/4.8/../../../arm-none-eabi/lib/armv7e-m/softfp/libc_nano.a(lib_a-mprec.o)
                0x00000000080045e2                __hi0bits
 .text.__lo0bits
                0x0000000008004622       0x5a /usr/lib/gcc/arm-none-eabi/4.8/../../../arm-none-eabi/lib/armv7e-m/softfp/libc_nano.a(lib_a-mprec.o)
                0x0000000008004622                __lo0bits
 .text.__i2b    0x000000000800467c       0x12 /usr/lib/gcc/arm-none-eabi/4.8/../../../arm-none-eabi/lib/armv7e-m/softfp/libc_nano.a(lib_a-mprec.o)
                0x000000000800467c                __i2b
 .text.__multiply
                0x000000000800468e      0x130 /usr/lib/gcc/arm-none-eabi/4.8/../../../arm-none-eabi/lib/armv7e-m/softfp/libc_nano.a(lib_a-mprec.o)
                0x000000000800468e                __multiply
 *fill*         0x00000000080047be        0x2 
 .text.__pow5mult
                0x00000000080047c0       0x9c /usr/lib/gcc/arm-none-eabi/4.8/../../../arm-none-eabi/lib/armv7e-m/softfp/libc_nano.a(lib_a-mprec.o)
                0x00000000080047c0                __pow5mult
 .text.__lshift
                0x000000000800485c       0xa6 /usr/lib/gcc/arm-none-eabi/4.8/../../../arm-none-eabi/lib/armv7e-m/softfp/libc_nano.a(lib_a-mprec.o)
                0x000000000800485c                __lshift
 .text.__mcmp   0x0000000008004902       0x3a /usr/lib/gcc/arm-none-eabi/4.8/../../../arm-none-eabi/lib/armv7e-m/softfp/libc_nano.a(lib_a-mprec.o)
                0x0000000008004902                __mcmp
 .text.__mdiff  0x000000000800493c       0xbc /usr/lib/gcc/arm-none-eabi/4.8/../../../arm-none-eabi/lib/armv7e-m/softfp/libc_nano.a(lib_a-mprec.o)
                0x000000000800493c                __mdiff
 .text.__d2b    0x00000000080049f8       0xa4 /usr/lib/gcc/arm-none-eabi/4.8/../../../arm-none-eabi/lib/armv7e-m/softfp/libc_nano.a(lib_a-mprec.o)
                0x00000000080049f8                __d2b
 .text._calloc_r
                0x0000000008004a9c       0x1c /usr/lib/gcc/arm-none-eabi/4.8/../../../arm-none-eabi/lib/armv7e-m/softfp/libc_nano.a(lib_a-nano-callocr.o)
                0x0000000008004a9c                _calloc_r
 .text._free_r  0x0000000008004ab8       0x88 /usr/lib/gcc/arm-none-eabi/4.8/../../../arm-none-eabi/lib/armv7e-m/softfp/libc_nano.a(lib_a-nano-freer.o)
                0x0000000008004ab8                _free_r
 .text._malloc_r
                0x0000000008004b40       0xac /usr/lib/gcc/arm-none-eabi/4.8/../../../arm-none-eabi/lib/armv7e-m/softfp/libc_nano.a(lib_a-nano-mallocr.o)
                0x0000000008004b40                _malloc_r
 .text.__sfputc_r
                0x0000000008004bec       0x2c /usr/lib/gcc/arm-none-eabi/4.8/../../../arm-none-eabi/lib/armv7e-m/softfp/libc_nano.a(lib_a-nano-vfprintf.o)
 .text.__sfputs_r
                0x0000000008004c18       0x24 /usr/lib/gcc/arm-none-eabi/4.8/../../../arm-none-eabi/lib/armv7e-m/softfp/libc_nano.a(lib_a-nano-vfprintf.o)
                0x0000000008004c18                __sfputs_r
 .text._vfprintf_r
                0x0000000008004c3c      0x208 /usr/lib/gcc/arm-none-eabi/4.8/../../../arm-none-eabi/lib/armv7e-m/softfp/libc_nano.a(lib_a-nano-vfprintf.o)
                0x0000000008004c3c                _vfiprintf_r
                0x0000000008004c3c                _vfprintf_r
 .text._sbrk_r  0x0000000008004e44       0x20 /usr/lib/gcc/arm-none-eabi/4.8/../../../arm-none-eabi/lib/armv7e-m/softfp/libc_nano.a(lib_a-sbrkr.o)
                0x0000000008004e44                _sbrk_r
 .text.__sread  0x0000000008004e64       0x22 /usr/lib/gcc/arm-none-eabi/4.8/../../../arm-none-eabi/lib/armv7e-m/softfp/libc_nano.a(lib_a-stdio.o)
                0x0000000008004e64                __sread
 .text.__swrite
                0x0000000008004e86       0x38 /usr/lib/gcc/arm-none-eabi/4.8/../../../arm-none-eabi/lib/armv7e-m/softfp/libc_nano.a(lib_a-stdio.o)
                0x0000000008004e86                __swrite
 .text.__sseek  0x0000000008004ebe       0x24 /usr/lib/gcc/arm-none-eabi/4.8/../../../arm-none-eabi/lib/armv7e-m/softfp/libc_nano.a(lib_a-stdio.o)
                0x0000000008004ebe                __sseek
 .text.__sclose
                0x0000000008004ee2        0x8 /usr/lib/gcc/arm-none-eabi/4.8/../../../arm-none-eabi/lib/armv7e-m/softfp/libc_nano.a(lib_a-stdio.o)
                0x0000000008004ee2                __sclose
 *fill*         0x0000000008004eea        0x2 
 .text._write_r
                0x0000000008004eec       0x24 /usr/lib/gcc/arm-none-eabi/4.8/../../../arm-none-eabi/lib/armv7e-m/softfp/libc_nano.a(lib_a-writer.o)
                0x0000000008004eec                _write_r
 .text._close_r
                0x0000000008004f10       0x20 /usr/lib/gcc/arm-none-eabi/4.8/../../../arm-none-eabi/lib/armv7e-m/softfp/libc_nano.a(lib_a-closer.o)
                0x0000000008004f10                _close_r
 .text._fclose_r
                0x0000000008004f30       0xa4 /usr/lib/gcc/arm-none-eabi/4.8/../../../arm-none-eabi/lib/armv7e-m/softfp/libc_nano.a(lib_a-fclose.o)
                0x0000000008004f30                _fclose_r
 .text._fstat_r
                0x0000000008004fd4       0x24 /usr/lib/gcc/arm-none-eabi/4.8/../../../arm-none-eabi/lib/armv7e-m/softfp/libc_nano.a(lib_a-fstatr.o)
                0x0000000008004fd4                _fstat_r
 .text._isatty_r
                0x0000000008004ff8       0x20 /usr/lib/gcc/arm-none-eabi/4.8/../../../arm-none-eabi/lib/armv7e-m/softfp/libc_nano.a(lib_a-isattyr.o)
                0x0000000008004ff8                _isatty_r
 .text._lseek_r
                0x0000000008005018       0x24 /usr/lib/gcc/arm-none-eabi/4.8/../../../arm-none-eabi/lib/armv7e-m/softfp/libc_nano.a(lib_a-lseekr.o)
                0x0000000008005018                _lseek_r
 .text.memchr   0x000000000800503c       0x1e /usr/lib/gcc/arm-none-eabi/4.8/../../../arm-none-eabi/lib/armv7e-m/softfp/libc_nano.a(lib_a-memchr-stub.o)
                0x000000000800503c                memchr
 *fill*         0x000000000800505a        0x2 
 .text._read_r  0x000000000800505c       0x24 /usr/lib/gcc/arm-none-eabi/4.8/../../../arm-none-eabi/lib/armv7e-m/softfp/libc_nano.a(lib_a-readr.o)
                0x000000000800505c                _read_r
 .text.findslot
                0x0000000008005080       0x34 /usr/lib/gcc/arm-none-eabi/4.8/../../../arm-none-eabi/lib/armv7e-m/softfp/librdimon_nano.a(rdimon-syscalls.o)
 .text.error    0x00000000080050b4       0x1c /usr/lib/gcc/arm-none-eabi/4.8/../../../arm-none-eabi/lib/armv7e-m/softfp/librdimon_nano.a(rdimon-syscalls.o)
 .text.checkerror
                0x00000000080050d0        0xa /usr/lib/gcc/arm-none-eabi/4.8/../../../arm-none-eabi/lib/armv7e-m/softfp/librdimon_nano.a(rdimon-syscalls.o)
 .text._swiread
                0x00000000080050da       0x20 /usr/lib/gcc/arm-none-eabi/4.8/../../../arm-none-eabi/lib/armv7e-m/softfp/librdimon_nano.a(rdimon-syscalls.o)
                0x00000000080050da                _swiread
 .text._read    0x00000000080050fa       0x34 /usr/lib/gcc/arm-none-eabi/4.8/../../../arm-none-eabi/lib/armv7e-m/softfp/librdimon_nano.a(rdimon-syscalls.o)
                0x00000000080050fa                _read
 .text._swilseek
                0x000000000800512e       0x7c /usr/lib/gcc/arm-none-eabi/4.8/../../../arm-none-eabi/lib/armv7e-m/softfp/librdimon_nano.a(rdimon-syscalls.o)
                0x000000000800512e                _swilseek
 .text._lseek   0x00000000080051aa        0x4 /usr/lib/gcc/arm-none-eabi/4.8/../../../arm-none-eabi/lib/armv7e-m/softfp/librdimon_nano.a(rdimon-syscalls.o)
                0x00000000080051aa                _lseek
 .text._swiwrite
                0x00000000080051ae       0x20 /usr/lib/gcc/arm-none-eabi/4.8/../../../arm-none-eabi/lib/armv7e-m/softfp/librdimon_nano.a(rdimon-syscalls.o)
                0x00000000080051ae                _swiwrite
 .text._write   0x00000000080051ce       0x42 /usr/lib/gcc/arm-none-eabi/4.8/../../../arm-none-eabi/lib/armv7e-m/softfp/librdimon_nano.a(rdimon-syscalls.o)
                0x00000000080051ce                _write
 .text._swiclose
                0x0000000008005210       0x1c /usr/lib/gcc/arm-none-eabi/4.8/../../../arm-none-eabi/lib/armv7e-m/softfp/librdimon_nano.a(rdimon-syscalls.o)
                0x0000000008005210                _swiclose
 .text._close   0x000000000800522c       0x48 /usr/lib/gcc/arm-none-eabi/4.8/../../../arm-none-eabi/lib/armv7e-m/softfp/librdimon_nano.a(rdimon-syscalls.o)
                0x000000000800522c                _close
 .text._sbrk    0x0000000008005274       0x34 /usr/lib/gcc/arm-none-eabi/4.8/../../../arm-none-eabi/lib/armv7e-m/softfp/librdimon_nano.a(rdimon-syscalls.o)
                0x0000000008005274                _sbrk
 .text._swistat
                0x00000000080052a8       0x42 /usr/lib/gcc/arm-none-eabi/4.8/../../../arm-none-eabi/lib/armv7e-m/softfp/librdimon_nano.a(rdimon-syscalls.o)
                0x00000000080052a8                _swistat
 .text._fstat   0x00000000080052ea       0x1c /usr/lib/gcc/arm-none-eabi/4.8/../../../arm-none-eabi/lib/armv7e-m/softfp/librdimon_nano.a(rdimon-syscalls.o)
                0x00000000080052ea                _fstat
 .text._isatty  0x0000000008005306       0x38 /usr/lib/gcc/arm-none-eabi/4.8/../../../arm-none-eabi/lib/armv7e-m/softfp/librdimon_nano.a(rdimon-syscalls.o)
                0x0000000008005306                _isatty
 *fill*         0x000000000800533e        0x2 
 .text.__errno  0x0000000008005340        0xc /usr/lib/gcc/arm-none-eabi/4.8/../../../arm-none-eabi/lib/armv7e-m/softfp/libc_nano.a(lib_a-errno.o)
                0x0000000008005340                __errno
 *(.glue_7)
 .glue_7        0x000000000800534c        0x0 linker stubs
 *(.glue_7t)
 .glue_7t       0x000000000800534c        0x0 linker stubs
 *(.eh_frame)
 .eh_frame      0x000000000800534c        0x0 /usr/lib/gcc/arm-none-eabi/4.8/armv7e-m/softfp/crtbegin.o
 *(.init)
 .init          0x000000000800534c        0x4 /usr/lib/gcc/arm-none-eabi/4.8/armv7e-m/softfp/crti.o
                0x000000000800534c                _init
 .init          0x0000000008005350        0x8 /usr/lib/gcc/arm-none-eabi/4.8/armv7e-m/softfp/crtn.o
 *(.fini)
 .fini          0x0000000008005358        0x4 /usr/lib/gcc/arm-none-eabi/4.8/armv7e-m/softfp/crti.o
                0x0000000008005358                _fini
 .fini          0x000000000800535c        0x8 /usr/lib/gcc/arm-none-eabi/4.8/armv7e-m/softfp/crtn.o
                0x0000000008005364                . = ALIGN (0x4)
                0x0000000008005364                _etext = .

.vfp11_veneer   0x0000000008005364        0x0
 .vfp11_veneer  0x0000000008005364        0x0 linker stubs

.v4_bx          0x0000000008005364        0x0
 .v4_bx         0x0000000008005364        0x0 linker stubs

.iplt           0x0000000008005364        0x0
 .iplt          0x0000000008005364        0x0 /usr/lib/gcc/arm-none-eabi/4.8/armv7e-m/softfp/crtbegin.o

.rodata         0x0000000008005368      0x220
                0x0000000008005368                . = ALIGN (0x4)
 *(.rodata)
 .rodata        0x0000000008005368       0x48 build/main.o
 *(.rodata*)
 .rodata.APBAHBPrescTable
                0x00000000080053b0       0x10 build/stm32f4xx_hal_rcc.o
                0x00000000080053b0                APBAHBPrescTable
 .rodata.str1.1
                0x00000000080053c0        0x2 /usr/lib/gcc/arm-none-eabi/4.8/../../../arm-none-eabi/lib/armv7e-m/softfp/libc_nano.a(lib_a-impure.o)
 *fill*         0x00000000080053c2        0x2 
 .rodata._global_impure_ptr
                0x00000000080053c4        0x4 /usr/lib/gcc/arm-none-eabi/4.8/../../../arm-none-eabi/lib/armv7e-m/softfp/libc_nano.a(lib_a-impure.o)
                0x00000000080053c4                _global_impure_ptr
 .rodata.str1.1
                0x00000000080053c8       0x12 /usr/lib/gcc/arm-none-eabi/4.8/../../../arm-none-eabi/lib/armv7e-m/softfp/libc_nano.a(lib_a-nano-vfprintf_float.o)
 .rodata.str1.1
                0x00000000080053da       0x22 /usr/lib/gcc/arm-none-eabi/4.8/../../../arm-none-eabi/lib/armv7e-m/softfp/libc_nano.a(lib_a-nano-vfprintf_i.o)
 .rodata.str1.1
                0x00000000080053fc        0xd /usr/lib/gcc/arm-none-eabi/4.8/../../../arm-none-eabi/lib/armv7e-m/softfp/libc_nano.a(lib_a-dtoa.o)
                                          0xf (size before relaxing)
 *fill*         0x0000000008005409        0x3 
 .rodata.__sf_fake_stdin
                0x000000000800540c       0x20 /usr/lib/gcc/arm-none-eabi/4.8/../../../arm-none-eabi/lib/armv7e-m/softfp/libc_nano.a(lib_a-findfp.o)
                0x000000000800540c                __sf_fake_stdin
 .rodata.__sf_fake_stdout
                0x000000000800542c       0x20 /usr/lib/gcc/arm-none-eabi/4.8/../../../arm-none-eabi/lib/armv7e-m/softfp/libc_nano.a(lib_a-findfp.o)
                0x000000000800542c                __sf_fake_stdout
 .rodata.__sf_fake_stderr
                0x000000000800544c       0x20 /usr/lib/gcc/arm-none-eabi/4.8/../../../arm-none-eabi/lib/armv7e-m/softfp/libc_nano.a(lib_a-findfp.o)
                0x000000000800544c                __sf_fake_stderr
 .rodata.str1.1
                0x000000000800546c        0x8 /usr/lib/gcc/arm-none-eabi/4.8/../../../arm-none-eabi/lib/armv7e-m/softfp/libc_nano.a(lib_a-locale.o)
                                          0xb (size before relaxing)
 *fill*         0x0000000008005474        0x4 
 .rodata.__mprec_tens
                0x0000000008005478       0xc8 /usr/lib/gcc/arm-none-eabi/4.8/../../../arm-none-eabi/lib/armv7e-m/softfp/libc_nano.a(lib_a-mprec.o)
                0x0000000008005478                __mprec_tens
 .rodata.__mprec_bigtens
                0x0000000008005540       0x28 /usr/lib/gcc/arm-none-eabi/4.8/../../../arm-none-eabi/lib/armv7e-m/softfp/libc_nano.a(lib_a-mprec.o)
                0x0000000008005540                __mprec_bigtens
 .rodata.p05.5281
                0x0000000008005568        0xc /usr/lib/gcc/arm-none-eabi/4.8/../../../arm-none-eabi/lib/armv7e-m/softfp/libc_nano.a(lib_a-mprec.o)
 .rodata.str1.1
                0x0000000008005574       0x11 /usr/lib/gcc/arm-none-eabi/4.8/../../../arm-none-eabi/lib/armv7e-m/softfp/libc_nano.a(lib_a-nano-vfprintf.o)
                0x0000000008005588                . = ALIGN (0x4)
 *fill*         0x0000000008005585        0x3 

.rel.dyn        0x0000000008005588        0x0
 .rel.iplt      0x0000000008005588        0x0 /usr/lib/gcc/arm-none-eabi/4.8/armv7e-m/softfp/crtbegin.o

.ARM.extab
 *(.ARM.extab* .gnu.linkonce.armextab.*)

.ARM            0x0000000008005588        0x0
                0x0000000008005588                __exidx_start = .
 *(.ARM.exidx*)
                0x0000000008005588                __exidx_end = .

.preinit_array  0x0000000008005588        0x0
                0x0000000008005588                PROVIDE (__preinit_array_start, .)
 *(.preinit_array*)
                0x0000000008005588                PROVIDE (__preinit_array_end, .)

.init_array     0x0000000008005588        0x4
                0x0000000008005588                PROVIDE (__init_array_start, .)
 *(SORT(.init_array.*))
 *(.init_array*)
 .init_array    0x0000000008005588        0x4 /usr/lib/gcc/arm-none-eabi/4.8/armv7e-m/softfp/crtbegin.o
                0x000000000800558c                PROVIDE (__init_array_end, .)

.fini_array     0x000000000800558c        0x4
                0x000000000800558c                PROVIDE (__fini_array_start, .)
 *(SORT(.fini_array.*))
 *(.fini_array*)
 .fini_array    0x000000000800558c        0x4 /usr/lib/gcc/arm-none-eabi/4.8/armv7e-m/softfp/crtbegin.o
                0x0000000008005590                PROVIDE (__fini_array_end, .)
                0x0000000008005590                _sidata = LOADADDR (.data)

.data           0x0000000020000000       0xa0 load address 0x0000000008005590
                0x0000000020000000                . = ALIGN (0x4)
                0x0000000020000000                _sdata = .
 *(.data)
 *(.data*)
 .data.SystemCoreClock
                0x0000000020000000        0x4 build/system_stm32f4xx.o
                0x0000000020000000                SystemCoreClock
 .data.impure_data
                0x0000000020000004       0x60 /usr/lib/gcc/arm-none-eabi/4.8/../../../arm-none-eabi/lib/armv7e-m/softfp/libc_nano.a(lib_a-impure.o)
 .data._impure_ptr
                0x0000000020000064        0x4 /usr/lib/gcc/arm-none-eabi/4.8/../../../arm-none-eabi/lib/armv7e-m/softfp/libc_nano.a(lib_a-impure.o)
                0x0000000020000064                _impure_ptr
 .data.lconv    0x0000000020000068       0x38 /usr/lib/gcc/arm-none-eabi/4.8/../../../arm-none-eabi/lib/armv7e-m/softfp/libc_nano.a(lib_a-locale.o)
                0x00000000200000a0                . = ALIGN (0x4)
                0x00000000200000a0                _edata = .
                0x0000000008005630                _siccmram = LOADADDR (.ccmram)

.jcr            0x00000000200000a0        0x0 load address 0x0000000008005630
 .jcr           0x00000000200000a0        0x0 /usr/lib/gcc/arm-none-eabi/4.8/armv7e-m/softfp/crtbegin.o

.tm_clone_table
                0x00000000200000a0        0x0 load address 0x0000000008005630
 .tm_clone_table
                0x00000000200000a0        0x0 /usr/lib/gcc/arm-none-eabi/4.8/armv7e-m/softfp/crtbegin.o
 .tm_clone_table
                0x00000000200000a0        0x0 /usr/lib/gcc/arm-none-eabi/4.8/armv7e-m/softfp/crtend.o

.igot.plt       0x00000000200000a0        0x0 load address 0x0000000008005630
 .igot.plt      0x00000000200000a0        0x0 /usr/lib/gcc/arm-none-eabi/4.8/armv7e-m/softfp/crtbegin.o

.ccmram         0x0000000010000000        0x0 load address 0x0000000008005630
                0x0000000010000000                . = ALIGN (0x4)
                0x0000000010000000                _sccmram = .
 *(.ccmram)
 *(.ccmram*)
                0x0000000010000000                . = ALIGN (0x4)
                0x0000000010000000                _eccmram = .
                0x0000000010000000                . = ALIGN (0x4)

.bss            0x00000000200000a0      0x10c
                0x00000000200000a0                _sbss = .
                0x00000000200000a0                __bss_start__ = _sbss
 *(.bss)
 .bss           0x00000000200000a0       0x1c /usr/lib/gcc/arm-none-eabi/4.8/armv7e-m/softfp/crtbegin.o
 *(.bss*)
 .bss.uwTick    0x00000000200000bc        0x4 build/stm32f4xx_hal.o
 .bss.__malloc_sbrk_start
                0x00000000200000c0        0x4 /usr/lib/gcc/arm-none-eabi/4.8/../../../arm-none-eabi/lib/armv7e-m/softfp/libc_nano.a(lib_a-nano-mallocr.o)
                0x00000000200000c0                __malloc_sbrk_start
 .bss.__malloc_free_list
                0x00000000200000c4        0x4 /usr/lib/gcc/arm-none-eabi/4.8/../../../arm-none-eabi/lib/armv7e-m/softfp/libc_nano.a(lib_a-nano-mallocr.o)
                0x00000000200000c4                __malloc_free_list
 .bss.heap_end.5855
                0x00000000200000c8        0x4 /usr/lib/gcc/arm-none-eabi/4.8/../../../arm-none-eabi/lib/armv7e-m/softfp/librdimon_nano.a(rdimon-syscalls.o)
 .bss.openfiles
                0x00000000200000cc       0xa0 /usr/lib/gcc/arm-none-eabi/4.8/../../../arm-none-eabi/lib/armv7e-m/softfp/librdimon_nano.a(rdimon-syscalls.o)
 *(COMMON)
 COMMON         0x000000002000016c       0x3c build/main.o
                0x000000002000016c                hi2c3
 COMMON         0x00000000200001a8        0x4 /usr/lib/gcc/arm-none-eabi/4.8/../../../arm-none-eabi/lib/armv7e-m/softfp/libc_nano.a(lib_a-reent.o)
                0x00000000200001a8                errno
                0x00000000200001ac                . = ALIGN (0x4)
                0x00000000200001ac                _ebss = .
                0x00000000200001ac                __bss_end__ = _ebss

._user_heap_stack
                0x00000000200001ac      0x600
                0x00000000200001ac                . = ALIGN (0x4)
                0x00000000200001ac                PROVIDE (end, .)
                0x00000000200001ac                PROVIDE (_end, .)
                0x00000000200003ac                . = (. + _Min_Heap_Size)
 *fill*         0x00000000200001ac      0x200 
                0x00000000200007ac                . = (. + _Min_Stack_Size)
 *fill*         0x00000000200003ac      0x400 
                0x00000000200007ac                . = ALIGN (0x4)

/DISCARD/
 libc.a(*)
 libm.a(*)
 libgcc.a(*)

.ARM.attributes
                0x0000000000000000       0x2e
 *(.ARM.attributes)
 .ARM.attributes
                0x0000000000000000       0x22 /usr/lib/gcc/arm-none-eabi/4.8/armv7e-m/softfp/crti.o
 .ARM.attributes
                0x0000000000000022       0x32 /usr/lib/gcc/arm-none-eabi/4.8/armv7e-m/softfp/crtbegin.o
 .ARM.attributes
                0x0000000000000054       0x37 build/stm32f4xx_hal.o
 .ARM.attributes
                0x000000000000008b       0x37 build/stm32f4xx_hal_cortex.o
 .ARM.attributes
                0x00000000000000c2       0x37 build/stm32f4xx_hal_gpio.o
 .ARM.attributes
                0x00000000000000f9       0x37 build/stm32f4xx_hal_i2c.o
 .ARM.attributes
                0x0000000000000130       0x37 build/stm32f4xx_hal_rcc.o
 .ARM.attributes
                0x0000000000000167       0x37 build/main.o
 .ARM.attributes
                0x000000000000019e       0x37 build/stm32f4xx_hal_msp.o
 .ARM.attributes
                0x00000000000001d5       0x37 build/stm32f4xx_it.o
 .ARM.attributes
                0x000000000000020c       0x37 build/system_stm32f4xx.o
 .ARM.attributes
                0x0000000000000243       0x21 build/startup_stm32f429xx.o
 .ARM.attributes
                0x0000000000000264       0x32 /usr/lib/gcc/arm-none-eabi/4.8/../../../arm-none-eabi/lib/armv7e-m/softfp/libc_nano.a(lib_a-impure.o)
 .ARM.attributes
                0x0000000000000296       0x32 /usr/lib/gcc/arm-none-eabi/4.8/../../../arm-none-eabi/lib/armv7e-m/softfp/libc_nano.a(lib_a-init.o)
 .ARM.attributes
                0x00000000000002c8       0x32 /usr/lib/gcc/arm-none-eabi/4.8/../../../arm-none-eabi/lib/armv7e-m/softfp/libc_nano.a(lib_a-memset.o)
 .ARM.attributes
                0x00000000000002fa       0x32 /usr/lib/gcc/arm-none-eabi/4.8/../../../arm-none-eabi/lib/armv7e-m/softfp/libc_nano.a(lib_a-nano-vfprintf_float.o)
 .ARM.attributes
                0x000000000000032c       0x32 /usr/lib/gcc/arm-none-eabi/4.8/../../../arm-none-eabi/lib/armv7e-m/softfp/libc_nano.a(lib_a-nano-vfprintf_i.o)
 .ARM.attributes
                0x000000000000035e       0x32 /usr/lib/gcc/arm-none-eabi/4.8/../../../arm-none-eabi/lib/armv7e-m/softfp/libc_nano.a(lib_a-printf.o)
 .ARM.attributes
                0x0000000000000390       0x32 /usr/lib/gcc/arm-none-eabi/4.8/../../../arm-none-eabi/lib/armv7e-m/softfp/libc_nano.a(lib_a-puts.o)
 .ARM.attributes
                0x00000000000003c2       0x32 /usr/lib/gcc/arm-none-eabi/4.8/../../../arm-none-eabi/lib/armv7e-m/softfp/libc_nano.a(lib_a-s_fpclassify.o)
 .ARM.attributes
                0x00000000000003f4       0x32 /usr/lib/gcc/arm-none-eabi/4.8/../../../arm-none-eabi/lib/armv7e-m/softfp/libc_nano.a(lib_a-strlen.o)
 .ARM.attributes
                0x0000000000000426       0x32 /usr/lib/gcc/arm-none-eabi/4.8/../../../arm-none-eabi/lib/armv7e-m/softfp/libc_nano.a(lib_a-wbuf.o)
 .ARM.attributes
                0x0000000000000458       0x32 /usr/lib/gcc/arm-none-eabi/4.8/../../../arm-none-eabi/lib/armv7e-m/softfp/libc_nano.a(lib_a-wsetup.o)
 .ARM.attributes
                0x000000000000048a       0x32 /usr/lib/gcc/arm-none-eabi/4.8/../../../arm-none-eabi/lib/armv7e-m/softfp/libc_nano.a(lib_a-dtoa.o)
 .ARM.attributes
                0x00000000000004bc       0x32 /usr/lib/gcc/arm-none-eabi/4.8/../../../arm-none-eabi/lib/armv7e-m/softfp/libc_nano.a(lib_a-fflush.o)
 .ARM.attributes
                0x00000000000004ee       0x32 /usr/lib/gcc/arm-none-eabi/4.8/../../../arm-none-eabi/lib/armv7e-m/softfp/libc_nano.a(lib_a-findfp.o)
 .ARM.attributes
                0x0000000000000520       0x32 /usr/lib/gcc/arm-none-eabi/4.8/../../../arm-none-eabi/lib/armv7e-m/softfp/libc_nano.a(lib_a-fwalk.o)
 .ARM.attributes
                0x0000000000000552       0x32 /usr/lib/gcc/arm-none-eabi/4.8/../../../arm-none-eabi/lib/armv7e-m/softfp/libc_nano.a(lib_a-locale.o)
 .ARM.attributes
                0x0000000000000584       0x32 /usr/lib/gcc/arm-none-eabi/4.8/../../../arm-none-eabi/lib/armv7e-m/softfp/libc_nano.a(lib_a-makebuf.o)
 .ARM.attributes
                0x00000000000005b6       0x32 /usr/lib/gcc/arm-none-eabi/4.8/../../../arm-none-eabi/lib/armv7e-m/softfp/libc_nano.a(lib_a-malloc.o)
 .ARM.attributes
                0x00000000000005e8       0x32 /usr/lib/gcc/arm-none-eabi/4.8/../../../arm-none-eabi/lib/armv7e-m/softfp/libc_nano.a(lib_a-memcpy-stub.o)
 .ARM.attributes
                0x000000000000061a       0x32 /usr/lib/gcc/arm-none-eabi/4.8/../../../arm-none-eabi/lib/armv7e-m/softfp/libc_nano.a(lib_a-mprec.o)
 .ARM.attributes
                0x000000000000064c       0x32 /usr/lib/gcc/arm-none-eabi/4.8/../../../arm-none-eabi/lib/armv7e-m/softfp/libc_nano.a(lib_a-nano-callocr.o)
 .ARM.attributes
                0x000000000000067e       0x32 /usr/lib/gcc/arm-none-eabi/4.8/../../../arm-none-eabi/lib/armv7e-m/softfp/libc_nano.a(lib_a-nano-freer.o)
 .ARM.attributes
                0x00000000000006b0       0x32 /usr/lib/gcc/arm-none-eabi/4.8/../../../arm-none-eabi/lib/armv7e-m/softfp/libc_nano.a(lib_a-nano-mallocr.o)
 .ARM.attributes
                0x00000000000006e2       0x32 /usr/lib/gcc/arm-none-eabi/4.8/../../../arm-none-eabi/lib/armv7e-m/softfp/libc_nano.a(lib_a-nano-vfprintf.o)
 .ARM.attributes
                0x0000000000000714       0x32 /usr/lib/gcc/arm-none-eabi/4.8/../../../arm-none-eabi/lib/armv7e-m/softfp/libc_nano.a(lib_a-sbrkr.o)
 .ARM.attributes
                0x0000000000000746       0x32 /usr/lib/gcc/arm-none-eabi/4.8/../../../arm-none-eabi/lib/armv7e-m/softfp/libc_nano.a(lib_a-stdio.o)
 .ARM.attributes
                0x0000000000000778       0x32 /usr/lib/gcc/arm-none-eabi/4.8/../../../arm-none-eabi/lib/armv7e-m/softfp/libc_nano.a(lib_a-writer.o)
 .ARM.attributes
                0x00000000000007aa       0x32 /usr/lib/gcc/arm-none-eabi/4.8/../../../arm-none-eabi/lib/armv7e-m/softfp/libc_nano.a(lib_a-closer.o)
 .ARM.attributes
                0x00000000000007dc       0x32 /usr/lib/gcc/arm-none-eabi/4.8/../../../arm-none-eabi/lib/armv7e-m/softfp/libc_nano.a(lib_a-fclose.o)
 .ARM.attributes
                0x000000000000080e       0x32 /usr/lib/gcc/arm-none-eabi/4.8/../../../arm-none-eabi/lib/armv7e-m/softfp/libc_nano.a(lib_a-fstatr.o)
 .ARM.attributes
                0x0000000000000840       0x32 /usr/lib/gcc/arm-none-eabi/4.8/../../../arm-none-eabi/lib/armv7e-m/softfp/libc_nano.a(lib_a-isattyr.o)
 .ARM.attributes
                0x0000000000000872       0x32 /usr/lib/gcc/arm-none-eabi/4.8/../../../arm-none-eabi/lib/armv7e-m/softfp/libc_nano.a(lib_a-lseekr.o)
 .ARM.attributes
                0x00000000000008a4       0x32 /usr/lib/gcc/arm-none-eabi/4.8/../../../arm-none-eabi/lib/armv7e-m/softfp/libc_nano.a(lib_a-memchr-stub.o)
 .ARM.attributes
                0x00000000000008d6       0x32 /usr/lib/gcc/arm-none-eabi/4.8/../../../arm-none-eabi/lib/armv7e-m/softfp/libc_nano.a(lib_a-readr.o)
 .ARM.attributes
                0x0000000000000908       0x32 /usr/lib/gcc/arm-none-eabi/4.8/../../../arm-none-eabi/lib/armv7e-m/softfp/libc_nano.a(lib_a-reent.o)
 .ARM.attributes
                0x000000000000093a       0x32 /usr/lib/gcc/arm-none-eabi/4.8/../../../arm-none-eabi/lib/armv7e-m/softfp/librdimon_nano.a(rdimon-syscalls.o)
 .ARM.attributes
                0x000000000000096c       0x32 /usr/lib/gcc/arm-none-eabi/4.8/../../../arm-none-eabi/lib/armv7e-m/softfp/libc_nano.a(lib_a-errno.o)
 .ARM.attributes
                0x000000000000099e       0x22 /usr/lib/gcc/arm-none-eabi/4.8/armv7e-m/softfp/libgcc.a(_arm_addsubdf3.o)
 .ARM.attributes
                0x00000000000009c0       0x22 /usr/lib/gcc/arm-none-eabi/4.8/armv7e-m/softfp/libgcc.a(_arm_muldivdf3.o)
 .ARM.attributes
                0x00000000000009e2       0x22 /usr/lib/gcc/arm-none-eabi/4.8/armv7e-m/softfp/libgcc.a(_arm_cmpdf2.o)
 .ARM.attributes
                0x0000000000000a04       0x22 /usr/lib/gcc/arm-none-eabi/4.8/armv7e-m/softfp/libgcc.a(_arm_fixdfsi.o)
 .ARM.attributes
                0x0000000000000a26       0x32 /usr/lib/gcc/arm-none-eabi/4.8/armv7e-m/softfp/crtend.o
 .ARM.attributes
                0x0000000000000a58       0x22 /usr/lib/gcc/arm-none-eabi/4.8/armv7e-m/softfp/crtn.o
OUTPUT(build/STM32F429I_MPU6050_Test.elf elf32-littlearm)

.comment        0x0000000000000000       0x58
 .comment       0x0000000000000000       0x2d /usr/lib/gcc/arm-none-eabi/4.8/armv7e-m/softfp/crtbegin.o
                                         0x2e (size before relaxing)
 .comment       0x000000000000002d       0x2e build/stm32f4xx_hal.o
 .comment       0x000000000000002d       0x2e build/stm32f4xx_hal_cortex.o
 .comment       0x000000000000002d       0x2e build/stm32f4xx_hal_gpio.o
 .comment       0x000000000000002d       0x2e build/stm32f4xx_hal_i2c.o
 .comment       0x000000000000002d       0x2e build/stm32f4xx_hal_rcc.o
 .comment       0x000000000000002d       0x2e build/main.o
 .comment       0x000000000000002d       0x2e build/stm32f4xx_hal_msp.o
 .comment       0x000000000000002d       0x2e build/stm32f4xx_it.o
 .comment       0x000000000000002d       0x2e build/system_stm32f4xx.o
 .comment       0x000000000000002d       0x2b /usr/lib/gcc/arm-none-eabi/4.8/../../../arm-none-eabi/lib/armv7e-m/softfp/libc_nano.a(lib_a-impure.o)
                                         0x2c (size before relaxing)
 .comment       0x0000000000000058       0x2c /usr/lib/gcc/arm-none-eabi/4.8/../../../arm-none-eabi/lib/armv7e-m/softfp/libc_nano.a(lib_a-init.o)
 .comment       0x0000000000000058       0x2c /usr/lib/gcc/arm-none-eabi/4.8/../../../arm-none-eabi/lib/armv7e-m/softfp/libc_nano.a(lib_a-memset.o)
 .comment       0x0000000000000058       0x2c /usr/lib/gcc/arm-none-eabi/4.8/../../../arm-none-eabi/lib/armv7e-m/softfp/libc_nano.a(lib_a-nano-vfprintf_float.o)
 .comment       0x0000000000000058       0x2c /usr/lib/gcc/arm-none-eabi/4.8/../../../arm-none-eabi/lib/armv7e-m/softfp/libc_nano.a(lib_a-nano-vfprintf_i.o)
 .comment       0x0000000000000058       0x2c /usr/lib/gcc/arm-none-eabi/4.8/../../../arm-none-eabi/lib/armv7e-m/softfp/libc_nano.a(lib_a-printf.o)
 .comment       0x0000000000000058       0x2c /usr/lib/gcc/arm-none-eabi/4.8/../../../arm-none-eabi/lib/armv7e-m/softfp/libc_nano.a(lib_a-puts.o)
 .comment       0x0000000000000058       0x2c /usr/lib/gcc/arm-none-eabi/4.8/../../../arm-none-eabi/lib/armv7e-m/softfp/libc_nano.a(lib_a-s_fpclassify.o)
 .comment       0x0000000000000058       0x2c /usr/lib/gcc/arm-none-eabi/4.8/../../../arm-none-eabi/lib/armv7e-m/softfp/libc_nano.a(lib_a-strlen.o)
 .comment       0x0000000000000058       0x2c /usr/lib/gcc/arm-none-eabi/4.8/../../../arm-none-eabi/lib/armv7e-m/softfp/libc_nano.a(lib_a-wbuf.o)
 .comment       0x0000000000000058       0x2c /usr/lib/gcc/arm-none-eabi/4.8/../../../arm-none-eabi/lib/armv7e-m/softfp/libc_nano.a(lib_a-wsetup.o)
 .comment       0x0000000000000058       0x2c /usr/lib/gcc/arm-none-eabi/4.8/../../../arm-none-eabi/lib/armv7e-m/softfp/libc_nano.a(lib_a-dtoa.o)
 .comment       0x0000000000000058       0x2c /usr/lib/gcc/arm-none-eabi/4.8/../../../arm-none-eabi/lib/armv7e-m/softfp/libc_nano.a(lib_a-fflush.o)
 .comment       0x0000000000000058       0x2c /usr/lib/gcc/arm-none-eabi/4.8/../../../arm-none-eabi/lib/armv7e-m/softfp/libc_nano.a(lib_a-findfp.o)
 .comment       0x0000000000000058       0x2c /usr/lib/gcc/arm-none-eabi/4.8/../../../arm-none-eabi/lib/armv7e-m/softfp/libc_nano.a(lib_a-fwalk.o)
 .comment       0x0000000000000058       0x2c /usr/lib/gcc/arm-none-eabi/4.8/../../../arm-none-eabi/lib/armv7e-m/softfp/libc_nano.a(lib_a-locale.o)
 .comment       0x0000000000000058       0x2c /usr/lib/gcc/arm-none-eabi/4.8/../../../arm-none-eabi/lib/armv7e-m/softfp/libc_nano.a(lib_a-makebuf.o)
 .comment       0x0000000000000058       0x2c /usr/lib/gcc/arm-none-eabi/4.8/../../../arm-none-eabi/lib/armv7e-m/softfp/libc_nano.a(lib_a-malloc.o)
 .comment       0x0000000000000058       0x2c /usr/lib/gcc/arm-none-eabi/4.8/../../../arm-none-eabi/lib/armv7e-m/softfp/libc_nano.a(lib_a-memcpy-stub.o)
 .comment       0x0000000000000058       0x2c /usr/lib/gcc/arm-none-eabi/4.8/../../../arm-none-eabi/lib/armv7e-m/softfp/libc_nano.a(lib_a-mprec.o)
 .comment       0x0000000000000058       0x2c /usr/lib/gcc/arm-none-eabi/4.8/../../../arm-none-eabi/lib/armv7e-m/softfp/libc_nano.a(lib_a-nano-callocr.o)
 .comment       0x0000000000000058       0x2c /usr/lib/gcc/arm-none-eabi/4.8/../../../arm-none-eabi/lib/armv7e-m/softfp/libc_nano.a(lib_a-nano-freer.o)
 .comment       0x0000000000000058       0x2c /usr/lib/gcc/arm-none-eabi/4.8/../../../arm-none-eabi/lib/armv7e-m/softfp/libc_nano.a(lib_a-nano-mallocr.o)
 .comment       0x0000000000000058       0x2c /usr/lib/gcc/arm-none-eabi/4.8/../../../arm-none-eabi/lib/armv7e-m/softfp/libc_nano.a(lib_a-nano-vfprintf.o)
 .comment       0x0000000000000058       0x2c /usr/lib/gcc/arm-none-eabi/4.8/../../../arm-none-eabi/lib/armv7e-m/softfp/libc_nano.a(lib_a-sbrkr.o)
 .comment       0x0000000000000058       0x2c /usr/lib/gcc/arm-none-eabi/4.8/../../../arm-none-eabi/lib/armv7e-m/softfp/libc_nano.a(lib_a-stdio.o)
 .comment       0x0000000000000058       0x2c /usr/lib/gcc/arm-none-eabi/4.8/../../../arm-none-eabi/lib/armv7e-m/softfp/libc_nano.a(lib_a-writer.o)
 .comment       0x0000000000000058       0x2c /usr/lib/gcc/arm-none-eabi/4.8/../../../arm-none-eabi/lib/armv7e-m/softfp/libc_nano.a(lib_a-closer.o)
 .comment       0x0000000000000058       0x2c /usr/lib/gcc/arm-none-eabi/4.8/../../../arm-none-eabi/lib/armv7e-m/softfp/libc_nano.a(lib_a-fclose.o)
 .comment       0x0000000000000058       0x2c /usr/lib/gcc/arm-none-eabi/4.8/../../../arm-none-eabi/lib/armv7e-m/softfp/libc_nano.a(lib_a-fstatr.o)
 .comment       0x0000000000000058       0x2c /usr/lib/gcc/arm-none-eabi/4.8/../../../arm-none-eabi/lib/armv7e-m/softfp/libc_nano.a(lib_a-isattyr.o)
 .comment       0x0000000000000058       0x2c /usr/lib/gcc/arm-none-eabi/4.8/../../../arm-none-eabi/lib/armv7e-m/softfp/libc_nano.a(lib_a-lseekr.o)
 .comment       0x0000000000000058       0x2c /usr/lib/gcc/arm-none-eabi/4.8/../../../arm-none-eabi/lib/armv7e-m/softfp/libc_nano.a(lib_a-memchr-stub.o)
 .comment       0x0000000000000058       0x2c /usr/lib/gcc/arm-none-eabi/4.8/../../../arm-none-eabi/lib/armv7e-m/softfp/libc_nano.a(lib_a-readr.o)
 .comment       0x0000000000000058       0x2c /usr/lib/gcc/arm-none-eabi/4.8/../../../arm-none-eabi/lib/armv7e-m/softfp/libc_nano.a(lib_a-reent.o)
 .comment       0x0000000000000058       0x2c /usr/lib/gcc/arm-none-eabi/4.8/../../../arm-none-eabi/lib/armv7e-m/softfp/librdimon_nano.a(rdimon-syscalls.o)
 .comment       0x0000000000000058       0x2c /usr/lib/gcc/arm-none-eabi/4.8/../../../arm-none-eabi/lib/armv7e-m/softfp/libc_nano.a(lib_a-errno.o)
 .comment       0x0000000000000058       0x2e /usr/lib/gcc/arm-none-eabi/4.8/armv7e-m/softfp/crtend.o

.debug_info     0x0000000000000000    0x1b49a
 .debug_info    0x0000000000000000      0x9fc build/stm32f4xx_hal.o
 .debug_info    0x00000000000009fc      0xe4e build/stm32f4xx_hal_cortex.o
 .debug_info    0x000000000000184a      0x7b6 build/stm32f4xx_hal_gpio.o
 .debug_info    0x0000000000002000     0x1a05 build/stm32f4xx_hal_i2c.o
 .debug_info    0x0000000000003a05      0xc11 build/stm32f4xx_hal_rcc.o
 .debug_info    0x0000000000004616      0xea5 build/main.o
 .debug_info    0x00000000000054bb      0xbb3 build/stm32f4xx_hal_msp.o
 .debug_info    0x000000000000606e       0xbd build/stm32f4xx_it.o
 .debug_info    0x000000000000612b      0x540 build/system_stm32f4xx.o
 .debug_info    0x000000000000666b       0xaf build/startup_stm32f429xx.o
 .debug_info    0x000000000000671a      0x7d3 /usr/lib/gcc/arm-none-eabi/4.8/../../../arm-none-eabi/lib/armv7e-m/softfp/libc_nano.a(lib_a-impure.o)
 .debug_info    0x0000000000006eed      0x105 /usr/lib/gcc/arm-none-eabi/4.8/../../../arm-none-eabi/lib/armv7e-m/softfp/libc_nano.a(lib_a-init.o)
 .debug_info    0x0000000000006ff2       0xd3 /usr/lib/gcc/arm-none-eabi/4.8/../../../arm-none-eabi/lib/armv7e-m/softfp/libc_nano.a(lib_a-memset.o)
 .debug_info    0x00000000000070c5     0x1089 /usr/lib/gcc/arm-none-eabi/4.8/../../../arm-none-eabi/lib/armv7e-m/softfp/libc_nano.a(lib_a-nano-vfprintf_float.o)
 .debug_info    0x000000000000814e      0xb2c /usr/lib/gcc/arm-none-eabi/4.8/../../../arm-none-eabi/lib/armv7e-m/softfp/libc_nano.a(lib_a-nano-vfprintf_i.o)
 .debug_info    0x0000000000008c7a      0x895 /usr/lib/gcc/arm-none-eabi/4.8/../../../arm-none-eabi/lib/armv7e-m/softfp/libc_nano.a(lib_a-printf.o)
 .debug_info    0x000000000000950f      0x866 /usr/lib/gcc/arm-none-eabi/4.8/../../../arm-none-eabi/lib/armv7e-m/softfp/libc_nano.a(lib_a-puts.o)
 .debug_info    0x0000000000009d75       0xdb /usr/lib/gcc/arm-none-eabi/4.8/../../../arm-none-eabi/lib/armv7e-m/softfp/libc_nano.a(lib_a-s_fpclassify.o)
 .debug_info    0x0000000000009e50       0xcd /usr/lib/gcc/arm-none-eabi/4.8/../../../arm-none-eabi/lib/armv7e-m/softfp/libc_nano.a(lib_a-strlen.o)
 .debug_info    0x0000000000009f1d      0x916 /usr/lib/gcc/arm-none-eabi/4.8/../../../arm-none-eabi/lib/armv7e-m/softfp/libc_nano.a(lib_a-wbuf.o)
 .debug_info    0x000000000000a833      0x881 /usr/lib/gcc/arm-none-eabi/4.8/../../../arm-none-eabi/lib/armv7e-m/softfp/libc_nano.a(lib_a-wsetup.o)
 .debug_info    0x000000000000b0b4     0x11bd /usr/lib/gcc/arm-none-eabi/4.8/../../../arm-none-eabi/lib/armv7e-m/softfp/libc_nano.a(lib_a-dtoa.o)
 .debug_info    0x000000000000c271      0x9fe /usr/lib/gcc/arm-none-eabi/4.8/../../../arm-none-eabi/lib/armv7e-m/softfp/libc_nano.a(lib_a-fflush.o)
 .debug_info    0x000000000000cc6f      0xd2c /usr/lib/gcc/arm-none-eabi/4.8/../../../arm-none-eabi/lib/armv7e-m/softfp/libc_nano.a(lib_a-findfp.o)
 .debug_info    0x000000000000d99b      0x846 /usr/lib/gcc/arm-none-eabi/4.8/../../../arm-none-eabi/lib/armv7e-m/softfp/libc_nano.a(lib_a-fwalk.o)
 .debug_info    0x000000000000e1e1      0xa91 /usr/lib/gcc/arm-none-eabi/4.8/../../../arm-none-eabi/lib/armv7e-m/softfp/libc_nano.a(lib_a-locale.o)
 .debug_info    0x000000000000ec72      0x98c /usr/lib/gcc/arm-none-eabi/4.8/../../../arm-none-eabi/lib/armv7e-m/softfp/libc_nano.a(lib_a-makebuf.o)
 .debug_info    0x000000000000f5fe      0x7c1 /usr/lib/gcc/arm-none-eabi/4.8/../../../arm-none-eabi/lib/armv7e-m/softfp/libc_nano.a(lib_a-malloc.o)
 .debug_info    0x000000000000fdbf      0x102 /usr/lib/gcc/arm-none-eabi/4.8/../../../arm-none-eabi/lib/armv7e-m/softfp/libc_nano.a(lib_a-memcpy-stub.o)
 .debug_info    0x000000000000fec1     0x15a8 /usr/lib/gcc/arm-none-eabi/4.8/../../../arm-none-eabi/lib/armv7e-m/softfp/libc_nano.a(lib_a-mprec.o)
 .debug_info    0x0000000000011469      0x7e8 /usr/lib/gcc/arm-none-eabi/4.8/../../../arm-none-eabi/lib/armv7e-m/softfp/libc_nano.a(lib_a-nano-callocr.o)
 .debug_info    0x0000000000011c51      0x81a /usr/lib/gcc/arm-none-eabi/4.8/../../../arm-none-eabi/lib/armv7e-m/softfp/libc_nano.a(lib_a-nano-freer.o)
 .debug_info    0x000000000001246b      0x8fb /usr/lib/gcc/arm-none-eabi/4.8/../../../arm-none-eabi/lib/armv7e-m/softfp/libc_nano.a(lib_a-nano-mallocr.o)
 .debug_info    0x0000000000012d66      0xe05 /usr/lib/gcc/arm-none-eabi/4.8/../../../arm-none-eabi/lib/armv7e-m/softfp/libc_nano.a(lib_a-nano-vfprintf.o)
 .debug_info    0x0000000000013b6b      0x7a0 /usr/lib/gcc/arm-none-eabi/4.8/../../../arm-none-eabi/lib/armv7e-m/softfp/libc_nano.a(lib_a-sbrkr.o)
 .debug_info    0x000000000001430b      0xa36 /usr/lib/gcc/arm-none-eabi/4.8/../../../arm-none-eabi/lib/armv7e-m/softfp/libc_nano.a(lib_a-stdio.o)
 .debug_info    0x0000000000014d41      0x7d5 /usr/lib/gcc/arm-none-eabi/4.8/../../../arm-none-eabi/lib/armv7e-m/softfp/libc_nano.a(lib_a-writer.o)
 .debug_info    0x0000000000015516      0x78c /usr/lib/gcc/arm-none-eabi/4.8/../../../arm-none-eabi/lib/armv7e-m/softfp/libc_nano.a(lib_a-closer.o)
 .debug_info    0x0000000000015ca2      0x932 /usr/lib/gcc/arm-none-eabi/4.8/../../../arm-none-eabi/lib/armv7e-m/softfp/libc_nano.a(lib_a-fclose.o)
 .debug_info    0x00000000000165d4      0x90a /usr/lib/gcc/arm-none-eabi/4.8/../../../arm-none-eabi/lib/armv7e-m/softfp/libc_nano.a(lib_a-fstatr.o)
 .debug_info    0x0000000000016ede      0x78c /usr/lib/gcc/arm-none-eabi/4.8/../../../arm-none-eabi/lib/armv7e-m/softfp/libc_nano.a(lib_a-isattyr.o)
 .debug_info    0x000000000001766a      0x7b8 /usr/lib/gcc/arm-none-eabi/4.8/../../../arm-none-eabi/lib/armv7e-m/softfp/libc_nano.a(lib_a-lseekr.o)
 .debug_info    0x0000000000017e22       0xf8 /usr/lib/gcc/arm-none-eabi/4.8/../../../arm-none-eabi/lib/armv7e-m/softfp/libc_nano.a(lib_a-memchr-stub.o)
 .debug_info    0x0000000000017f1a      0x7ce /usr/lib/gcc/arm-none-eabi/4.8/../../../arm-none-eabi/lib/armv7e-m/softfp/libc_nano.a(lib_a-readr.o)
 .debug_info    0x00000000000186e8      0x8f7 /usr/lib/gcc/arm-none-eabi/4.8/../../../arm-none-eabi/lib/armv7e-m/softfp/libc_nano.a(lib_a-reent.o)
 .debug_info    0x0000000000018fdf     0x1a46 /usr/lib/gcc/arm-none-eabi/4.8/../../../arm-none-eabi/lib/armv7e-m/softfp/librdimon_nano.a(rdimon-syscalls.o)
 .debug_info    0x000000000001aa25      0x735 /usr/lib/gcc/arm-none-eabi/4.8/../../../arm-none-eabi/lib/armv7e-m/softfp/libc_nano.a(lib_a-errno.o)
 .debug_info    0x000000000001b15a       0xd0 /usr/lib/gcc/arm-none-eabi/4.8/armv7e-m/softfp/libgcc.a(_arm_addsubdf3.o)
 .debug_info    0x000000000001b22a       0xd0 /usr/lib/gcc/arm-none-eabi/4.8/armv7e-m/softfp/libgcc.a(_arm_muldivdf3.o)
 .debug_info    0x000000000001b2fa       0xd0 /usr/lib/gcc/arm-none-eabi/4.8/armv7e-m/softfp/libgcc.a(_arm_cmpdf2.o)
 .debug_info    0x000000000001b3ca       0xd0 /usr/lib/gcc/arm-none-eabi/4.8/armv7e-m/softfp/libgcc.a(_arm_fixdfsi.o)

.debug_abbrev   0x0000000000000000     0x5116
 .debug_abbrev  0x0000000000000000      0x1f0 build/stm32f4xx_hal.o
 .debug_abbrev  0x00000000000001f0      0x2a2 build/stm32f4xx_hal_cortex.o
 .debug_abbrev  0x0000000000000492      0x1ac build/stm32f4xx_hal_gpio.o
 .debug_abbrev  0x000000000000063e      0x1ec build/stm32f4xx_hal_i2c.o
 .debug_abbrev  0x000000000000082a      0x296 build/stm32f4xx_hal_rcc.o
 .debug_abbrev  0x0000000000000ac0      0x1b0 build/main.o
 .debug_abbrev  0x0000000000000c70      0x164 build/stm32f4xx_hal_msp.o
 .debug_abbrev  0x0000000000000dd4       0x69 build/stm32f4xx_it.o
 .debug_abbrev  0x0000000000000e3d      0x103 build/system_stm32f4xx.o
 .debug_abbrev  0x0000000000000f40       0x12 build/startup_stm32f429xx.o
 .debug_abbrev  0x0000000000000f52      0x136 /usr/lib/gcc/arm-none-eabi/4.8/../../../arm-none-eabi/lib/armv7e-m/softfp/libc_nano.a(lib_a-impure.o)
 .debug_abbrev  0x0000000000001088       0xba /usr/lib/gcc/arm-none-eabi/4.8/../../../arm-none-eabi/lib/armv7e-m/softfp/libc_nano.a(lib_a-init.o)
 .debug_abbrev  0x0000000000001142       0x8e /usr/lib/gcc/arm-none-eabi/4.8/../../../arm-none-eabi/lib/armv7e-m/softfp/libc_nano.a(lib_a-memset.o)
 .debug_abbrev  0x00000000000011d0      0x2a2 /usr/lib/gcc/arm-none-eabi/4.8/../../../arm-none-eabi/lib/armv7e-m/softfp/libc_nano.a(lib_a-nano-vfprintf_float.o)
 .debug_abbrev  0x0000000000001472      0x1e2 /usr/lib/gcc/arm-none-eabi/4.8/../../../arm-none-eabi/lib/armv7e-m/softfp/libc_nano.a(lib_a-nano-vfprintf_i.o)
 .debug_abbrev  0x0000000000001654      0x1ec /usr/lib/gcc/arm-none-eabi/4.8/../../../arm-none-eabi/lib/armv7e-m/softfp/libc_nano.a(lib_a-printf.o)
 .debug_abbrev  0x0000000000001840      0x208 /usr/lib/gcc/arm-none-eabi/4.8/../../../arm-none-eabi/lib/armv7e-m/softfp/libc_nano.a(lib_a-puts.o)
 .debug_abbrev  0x0000000000001a48       0x6f /usr/lib/gcc/arm-none-eabi/4.8/../../../arm-none-eabi/lib/armv7e-m/softfp/libc_nano.a(lib_a-s_fpclassify.o)
 .debug_abbrev  0x0000000000001ab7       0x8c /usr/lib/gcc/arm-none-eabi/4.8/../../../arm-none-eabi/lib/armv7e-m/softfp/libc_nano.a(lib_a-strlen.o)
 .debug_abbrev  0x0000000000001b43      0x1f7 /usr/lib/gcc/arm-none-eabi/4.8/../../../arm-none-eabi/lib/armv7e-m/softfp/libc_nano.a(lib_a-wbuf.o)
 .debug_abbrev  0x0000000000001d3a      0x1a5 /usr/lib/gcc/arm-none-eabi/4.8/../../../arm-none-eabi/lib/armv7e-m/softfp/libc_nano.a(lib_a-wsetup.o)
 .debug_abbrev  0x0000000000001edf      0x28a /usr/lib/gcc/arm-none-eabi/4.8/../../../arm-none-eabi/lib/armv7e-m/softfp/libc_nano.a(lib_a-dtoa.o)
 .debug_abbrev  0x0000000000002169      0x23f /usr/lib/gcc/arm-none-eabi/4.8/../../../arm-none-eabi/lib/armv7e-m/softfp/libc_nano.a(lib_a-fflush.o)
 .debug_abbrev  0x00000000000023a8      0x2d7 /usr/lib/gcc/arm-none-eabi/4.8/../../../arm-none-eabi/lib/armv7e-m/softfp/libc_nano.a(lib_a-findfp.o)
 .debug_abbrev  0x000000000000267f      0x176 /usr/lib/gcc/arm-none-eabi/4.8/../../../arm-none-eabi/lib/armv7e-m/softfp/libc_nano.a(lib_a-fwalk.o)
 .debug_abbrev  0x00000000000027f5      0x248 /usr/lib/gcc/arm-none-eabi/4.8/../../../arm-none-eabi/lib/armv7e-m/softfp/libc_nano.a(lib_a-locale.o)
 .debug_abbrev  0x0000000000002a3d      0x1ab /usr/lib/gcc/arm-none-eabi/4.8/../../../arm-none-eabi/lib/armv7e-m/softfp/libc_nano.a(lib_a-makebuf.o)
 .debug_abbrev  0x0000000000002be8      0x19f /usr/lib/gcc/arm-none-eabi/4.8/../../../arm-none-eabi/lib/armv7e-m/softfp/libc_nano.a(lib_a-malloc.o)
 .debug_abbrev  0x0000000000002d87       0xa4 /usr/lib/gcc/arm-none-eabi/4.8/../../../arm-none-eabi/lib/armv7e-m/softfp/libc_nano.a(lib_a-memcpy-stub.o)
 .debug_abbrev  0x0000000000002e2b      0x2d6 /usr/lib/gcc/arm-none-eabi/4.8/../../../arm-none-eabi/lib/armv7e-m/softfp/libc_nano.a(lib_a-mprec.o)
 .debug_abbrev  0x0000000000003101      0x19e /usr/lib/gcc/arm-none-eabi/4.8/../../../arm-none-eabi/lib/armv7e-m/softfp/libc_nano.a(lib_a-nano-callocr.o)
 .debug_abbrev  0x000000000000329f      0x1b6 /usr/lib/gcc/arm-none-eabi/4.8/../../../arm-none-eabi/lib/armv7e-m/softfp/libc_nano.a(lib_a-nano-freer.o)
 .debug_abbrev  0x0000000000003455      0x250 /usr/lib/gcc/arm-none-eabi/4.8/../../../arm-none-eabi/lib/armv7e-m/softfp/libc_nano.a(lib_a-nano-mallocr.o)
 .debug_abbrev  0x00000000000036a5      0x2a5 /usr/lib/gcc/arm-none-eabi/4.8/../../../arm-none-eabi/lib/armv7e-m/softfp/libc_nano.a(lib_a-nano-vfprintf.o)
 .debug_abbrev  0x000000000000394a      0x1a2 /usr/lib/gcc/arm-none-eabi/4.8/../../../arm-none-eabi/lib/armv7e-m/softfp/libc_nano.a(lib_a-sbrkr.o)
 .debug_abbrev  0x0000000000003aec      0x1eb /usr/lib/gcc/arm-none-eabi/4.8/../../../arm-none-eabi/lib/armv7e-m/softfp/libc_nano.a(lib_a-stdio.o)
 .debug_abbrev  0x0000000000003cd7      0x199 /usr/lib/gcc/arm-none-eabi/4.8/../../../arm-none-eabi/lib/armv7e-m/softfp/libc_nano.a(lib_a-writer.o)
 .debug_abbrev  0x0000000000003e70      0x194 /usr/lib/gcc/arm-none-eabi/4.8/../../../arm-none-eabi/lib/armv7e-m/softfp/libc_nano.a(lib_a-closer.o)
 .debug_abbrev  0x0000000000004004      0x21a /usr/lib/gcc/arm-none-eabi/4.8/../../../arm-none-eabi/lib/armv7e-m/softfp/libc_nano.a(lib_a-fclose.o)
 .debug_abbrev  0x000000000000421e      0x1a3 /usr/lib/gcc/arm-none-eabi/4.8/../../../arm-none-eabi/lib/armv7e-m/softfp/libc_nano.a(lib_a-fstatr.o)
 .debug_abbrev  0x00000000000043c1      0x194 /usr/lib/gcc/arm-none-eabi/4.8/../../../arm-none-eabi/lib/armv7e-m/softfp/libc_nano.a(lib_a-isattyr.o)
 .debug_abbrev  0x0000000000004555      0x1a3 /usr/lib/gcc/arm-none-eabi/4.8/../../../arm-none-eabi/lib/armv7e-m/softfp/libc_nano.a(lib_a-lseekr.o)
 .debug_abbrev  0x00000000000046f8       0xab /usr/lib/gcc/arm-none-eabi/4.8/../../../arm-none-eabi/lib/armv7e-m/softfp/libc_nano.a(lib_a-memchr-stub.o)
 .debug_abbrev  0x00000000000047a3      0x194 /usr/lib/gcc/arm-none-eabi/4.8/../../../arm-none-eabi/lib/armv7e-m/softfp/libc_nano.a(lib_a-readr.o)
 .debug_abbrev  0x0000000000004937      0x1fb /usr/lib/gcc/arm-none-eabi/4.8/../../../arm-none-eabi/lib/armv7e-m/softfp/libc_nano.a(lib_a-reent.o)
 .debug_abbrev  0x0000000000004b32      0x460 /usr/lib/gcc/arm-none-eabi/4.8/../../../arm-none-eabi/lib/armv7e-m/softfp/librdimon_nano.a(rdimon-syscalls.o)
 .debug_abbrev  0x0000000000004f92      0x134 /usr/lib/gcc/arm-none-eabi/4.8/../../../arm-none-eabi/lib/armv7e-m/softfp/libc_nano.a(lib_a-errno.o)
 .debug_abbrev  0x00000000000050c6       0x14 /usr/lib/gcc/arm-none-eabi/4.8/armv7e-m/softfp/libgcc.a(_arm_addsubdf3.o)
 .debug_abbrev  0x00000000000050da       0x14 /usr/lib/gcc/arm-none-eabi/4.8/armv7e-m/softfp/libgcc.a(_arm_muldivdf3.o)
 .debug_abbrev  0x00000000000050ee       0x14 /usr/lib/gcc/arm-none-eabi/4.8/armv7e-m/softfp/libgcc.a(_arm_cmpdf2.o)
 .debug_abbrev  0x0000000000005102       0x14 /usr/lib/gcc/arm-none-eabi/4.8/armv7e-m/softfp/libgcc.a(_arm_fixdfsi.o)

.debug_loc      0x0000000000000000     0x89aa
 .debug_loc     0x0000000000000000      0x43c build/stm32f4xx_hal.o
 .debug_loc     0x000000000000043c      0x648 build/stm32f4xx_hal_cortex.o
 .debug_loc     0x0000000000000a84      0x1c0 build/stm32f4xx_hal_gpio.o
 .debug_loc     0x0000000000000c44      0xcb0 build/stm32f4xx_hal_i2c.o
 .debug_loc     0x00000000000018f4      0x2d6 build/stm32f4xx_hal_rcc.o
 .debug_loc     0x0000000000001bca       0xd8 build/main.o
 .debug_loc     0x0000000000001ca2       0x9c build/stm32f4xx_hal_msp.o
 .debug_loc     0x0000000000001d3e       0x2c build/stm32f4xx_it.o
 .debug_loc     0x0000000000001d6a       0x64 build/system_stm32f4xx.o
 .debug_loc     0x0000000000001dce       0x54 /usr/lib/gcc/arm-none-eabi/4.8/../../../arm-none-eabi/lib/armv7e-m/softfp/libc_nano.a(lib_a-init.o)
 .debug_loc     0x0000000000001e22       0x57 /usr/lib/gcc/arm-none-eabi/4.8/../../../arm-none-eabi/lib/armv7e-m/softfp/libc_nano.a(lib_a-memset.o)
 .debug_loc     0x0000000000001e79      0x5db /usr/lib/gcc/arm-none-eabi/4.8/../../../arm-none-eabi/lib/armv7e-m/softfp/libc_nano.a(lib_a-nano-vfprintf_float.o)
 .debug_loc     0x0000000000002454      0x538 /usr/lib/gcc/arm-none-eabi/4.8/../../../arm-none-eabi/lib/armv7e-m/softfp/libc_nano.a(lib_a-nano-vfprintf_i.o)
 .debug_loc     0x000000000000298c       0x3f /usr/lib/gcc/arm-none-eabi/4.8/../../../arm-none-eabi/lib/armv7e-m/softfp/libc_nano.a(lib_a-printf.o)
 .debug_loc     0x00000000000029cb      0x129 /usr/lib/gcc/arm-none-eabi/4.8/../../../arm-none-eabi/lib/armv7e-m/softfp/libc_nano.a(lib_a-puts.o)
 .debug_loc     0x0000000000002af4      0x126 /usr/lib/gcc/arm-none-eabi/4.8/../../../arm-none-eabi/lib/armv7e-m/softfp/libc_nano.a(lib_a-s_fpclassify.o)
 .debug_loc     0x0000000000002c1a       0x21 /usr/lib/gcc/arm-none-eabi/4.8/../../../arm-none-eabi/lib/armv7e-m/softfp/libc_nano.a(lib_a-strlen.o)
 .debug_loc     0x0000000000002c3b      0x11e /usr/lib/gcc/arm-none-eabi/4.8/../../../arm-none-eabi/lib/armv7e-m/softfp/libc_nano.a(lib_a-wbuf.o)
 .debug_loc     0x0000000000002d59       0x5d /usr/lib/gcc/arm-none-eabi/4.8/../../../arm-none-eabi/lib/armv7e-m/softfp/libc_nano.a(lib_a-wsetup.o)
 .debug_loc     0x0000000000002db6     0x1ab1 /usr/lib/gcc/arm-none-eabi/4.8/../../../arm-none-eabi/lib/armv7e-m/softfp/libc_nano.a(lib_a-dtoa.o)
 .debug_loc     0x0000000000004867      0x24c /usr/lib/gcc/arm-none-eabi/4.8/../../../arm-none-eabi/lib/armv7e-m/softfp/libc_nano.a(lib_a-fflush.o)
 .debug_loc     0x0000000000004ab3      0x1e2 /usr/lib/gcc/arm-none-eabi/4.8/../../../arm-none-eabi/lib/armv7e-m/softfp/libc_nano.a(lib_a-findfp.o)
 .debug_loc     0x0000000000004c95      0x11f /usr/lib/gcc/arm-none-eabi/4.8/../../../arm-none-eabi/lib/armv7e-m/softfp/libc_nano.a(lib_a-fwalk.o)
 .debug_loc     0x0000000000004db4      0x12f /usr/lib/gcc/arm-none-eabi/4.8/../../../arm-none-eabi/lib/armv7e-m/softfp/libc_nano.a(lib_a-locale.o)
 .debug_loc     0x0000000000004ee3       0xee /usr/lib/gcc/arm-none-eabi/4.8/../../../arm-none-eabi/lib/armv7e-m/softfp/libc_nano.a(lib_a-makebuf.o)
 .debug_loc     0x0000000000004fd1       0x58 /usr/lib/gcc/arm-none-eabi/4.8/../../../arm-none-eabi/lib/armv7e-m/softfp/libc_nano.a(lib_a-malloc.o)
 .debug_loc     0x0000000000005029       0xaf /usr/lib/gcc/arm-none-eabi/4.8/../../../arm-none-eabi/lib/armv7e-m/softfp/libc_nano.a(lib_a-memcpy-stub.o)
 .debug_loc     0x00000000000050d8     0x19b9 /usr/lib/gcc/arm-none-eabi/4.8/../../../arm-none-eabi/lib/armv7e-m/softfp/libc_nano.a(lib_a-mprec.o)
 .debug_loc     0x0000000000006a91       0x81 /usr/lib/gcc/arm-none-eabi/4.8/../../../arm-none-eabi/lib/armv7e-m/softfp/libc_nano.a(lib_a-nano-callocr.o)
 .debug_loc     0x0000000000006b12      0x172 /usr/lib/gcc/arm-none-eabi/4.8/../../../arm-none-eabi/lib/armv7e-m/softfp/libc_nano.a(lib_a-nano-freer.o)
 .debug_loc     0x0000000000006c84      0x26a /usr/lib/gcc/arm-none-eabi/4.8/../../../arm-none-eabi/lib/armv7e-m/softfp/libc_nano.a(lib_a-nano-mallocr.o)
 .debug_loc     0x0000000000006eee      0x4d0 /usr/lib/gcc/arm-none-eabi/4.8/../../../arm-none-eabi/lib/armv7e-m/softfp/libc_nano.a(lib_a-nano-vfprintf.o)
 .debug_loc     0x00000000000073be       0x4d /usr/lib/gcc/arm-none-eabi/4.8/../../../arm-none-eabi/lib/armv7e-m/softfp/libc_nano.a(lib_a-sbrkr.o)
 .debug_loc     0x000000000000740b      0x236 /usr/lib/gcc/arm-none-eabi/4.8/../../../arm-none-eabi/lib/armv7e-m/softfp/libc_nano.a(lib_a-stdio.o)
 .debug_loc     0x0000000000007641       0xa5 /usr/lib/gcc/arm-none-eabi/4.8/../../../arm-none-eabi/lib/armv7e-m/softfp/libc_nano.a(lib_a-writer.o)
 .debug_loc     0x00000000000076e6       0x4d /usr/lib/gcc/arm-none-eabi/4.8/../../../arm-none-eabi/lib/armv7e-m/softfp/libc_nano.a(lib_a-closer.o)
 .debug_loc     0x0000000000007733       0xf7 /usr/lib/gcc/arm-none-eabi/4.8/../../../arm-none-eabi/lib/armv7e-m/softfp/libc_nano.a(lib_a-fclose.o)
 .debug_loc     0x000000000000782a       0x79 /usr/lib/gcc/arm-none-eabi/4.8/../../../arm-none-eabi/lib/armv7e-m/softfp/libc_nano.a(lib_a-fstatr.o)
 .debug_loc     0x00000000000078a3       0x4d /usr/lib/gcc/arm-none-eabi/4.8/../../../arm-none-eabi/lib/armv7e-m/softfp/libc_nano.a(lib_a-isattyr.o)
 .debug_loc     0x00000000000078f0       0xa5 /usr/lib/gcc/arm-none-eabi/4.8/../../../arm-none-eabi/lib/armv7e-m/softfp/libc_nano.a(lib_a-lseekr.o)
 .debug_loc     0x0000000000007995       0xaa /usr/lib/gcc/arm-none-eabi/4.8/../../../arm-none-eabi/lib/armv7e-m/softfp/libc_nano.a(lib_a-memchr-stub.o)
 .debug_loc     0x0000000000007a3f       0xa5 /usr/lib/gcc/arm-none-eabi/4.8/../../../arm-none-eabi/lib/armv7e-m/softfp/libc_nano.a(lib_a-readr.o)
 .debug_loc     0x0000000000007ae4      0x105 /usr/lib/gcc/arm-none-eabi/4.8/../../../arm-none-eabi/lib/armv7e-m/softfp/libc_nano.a(lib_a-reent.o)
 .debug_loc     0x0000000000007be9      0xdc1 /usr/lib/gcc/arm-none-eabi/4.8/../../../arm-none-eabi/lib/armv7e-m/softfp/librdimon_nano.a(rdimon-syscalls.o)

.debug_aranges  0x0000000000000000      0xd38
 .debug_aranges
                0x0000000000000000       0xd0 build/stm32f4xx_hal.o
 .debug_aranges
                0x00000000000000d0      0x108 build/stm32f4xx_hal_cortex.o
 .debug_aranges
                0x00000000000001d8       0x58 build/stm32f4xx_hal_gpio.o
 .debug_aranges
                0x0000000000000230      0x1e8 build/stm32f4xx_hal_i2c.o
 .debug_aranges
                0x0000000000000418       0x88 build/stm32f4xx_hal_rcc.o
 .debug_aranges
                0x00000000000004a0       0x38 build/main.o
 .debug_aranges
                0x00000000000004d8       0x30 build/stm32f4xx_hal_msp.o
 .debug_aranges
                0x0000000000000508       0x20 build/stm32f4xx_it.o
 .debug_aranges
                0x0000000000000528       0x28 build/system_stm32f4xx.o
 .debug_aranges
                0x0000000000000550       0x28 build/startup_stm32f429xx.o
 .debug_aranges
                0x0000000000000578       0x18 /usr/lib/gcc/arm-none-eabi/4.8/../../../arm-none-eabi/lib/armv7e-m/softfp/libc_nano.a(lib_a-impure.o)
 .debug_aranges
                0x0000000000000590       0x20 /usr/lib/gcc/arm-none-eabi/4.8/../../../arm-none-eabi/lib/armv7e-m/softfp/libc_nano.a(lib_a-init.o)
 .debug_aranges
                0x00000000000005b0       0x20 /usr/lib/gcc/arm-none-eabi/4.8/../../../arm-none-eabi/lib/armv7e-m/softfp/libc_nano.a(lib_a-memset.o)
 .debug_aranges
                0x00000000000005d0       0x30 /usr/lib/gcc/arm-none-eabi/4.8/../../../arm-none-eabi/lib/armv7e-m/softfp/libc_nano.a(lib_a-nano-vfprintf_float.o)
 .debug_aranges
                0x0000000000000600       0x28 /usr/lib/gcc/arm-none-eabi/4.8/../../../arm-none-eabi/lib/armv7e-m/softfp/libc_nano.a(lib_a-nano-vfprintf_i.o)
 .debug_aranges
                0x0000000000000628       0x28 /usr/lib/gcc/arm-none-eabi/4.8/../../../arm-none-eabi/lib/armv7e-m/softfp/libc_nano.a(lib_a-printf.o)
 .debug_aranges
                0x0000000000000650       0x28 /usr/lib/gcc/arm-none-eabi/4.8/../../../arm-none-eabi/lib/armv7e-m/softfp/libc_nano.a(lib_a-puts.o)
 .debug_aranges
                0x0000000000000678       0x20 /usr/lib/gcc/arm-none-eabi/4.8/../../../arm-none-eabi/lib/armv7e-m/softfp/libc_nano.a(lib_a-s_fpclassify.o)
 .debug_aranges
                0x0000000000000698       0x20 /usr/lib/gcc/arm-none-eabi/4.8/../../../arm-none-eabi/lib/armv7e-m/softfp/libc_nano.a(lib_a-strlen.o)
 .debug_aranges
                0x00000000000006b8       0x28 /usr/lib/gcc/arm-none-eabi/4.8/../../../arm-none-eabi/lib/armv7e-m/softfp/libc_nano.a(lib_a-wbuf.o)
 .debug_aranges
                0x00000000000006e0       0x20 /usr/lib/gcc/arm-none-eabi/4.8/../../../arm-none-eabi/lib/armv7e-m/softfp/libc_nano.a(lib_a-wsetup.o)
 .debug_aranges
                0x0000000000000700       0x28 /usr/lib/gcc/arm-none-eabi/4.8/../../../arm-none-eabi/lib/armv7e-m/softfp/libc_nano.a(lib_a-dtoa.o)
 .debug_aranges
                0x0000000000000728       0x30 /usr/lib/gcc/arm-none-eabi/4.8/../../../arm-none-eabi/lib/armv7e-m/softfp/libc_nano.a(lib_a-fflush.o)
 .debug_aranges
                0x0000000000000758       0x88 /usr/lib/gcc/arm-none-eabi/4.8/../../../arm-none-eabi/lib/armv7e-m/softfp/libc_nano.a(lib_a-findfp.o)
 .debug_aranges
                0x00000000000007e0       0x28 /usr/lib/gcc/arm-none-eabi/4.8/../../../arm-none-eabi/lib/armv7e-m/softfp/libc_nano.a(lib_a-fwalk.o)
 .debug_aranges
                0x0000000000000808       0x58 /usr/lib/gcc/arm-none-eabi/4.8/../../../arm-none-eabi/lib/armv7e-m/softfp/libc_nano.a(lib_a-locale.o)
 .debug_aranges
                0x0000000000000860       0x20 /usr/lib/gcc/arm-none-eabi/4.8/../../../arm-none-eabi/lib/armv7e-m/softfp/libc_nano.a(lib_a-makebuf.o)
 .debug_aranges
                0x0000000000000880       0x28 /usr/lib/gcc/arm-none-eabi/4.8/../../../arm-none-eabi/lib/armv7e-m/softfp/libc_nano.a(lib_a-malloc.o)
 .debug_aranges
                0x00000000000008a8       0x20 /usr/lib/gcc/arm-none-eabi/4.8/../../../arm-none-eabi/lib/armv7e-m/softfp/libc_nano.a(lib_a-memcpy-stub.o)
 .debug_aranges
                0x00000000000008c8       0xb0 /usr/lib/gcc/arm-none-eabi/4.8/../../../arm-none-eabi/lib/armv7e-m/softfp/libc_nano.a(lib_a-mprec.o)
 .debug_aranges
                0x0000000000000978       0x20 /usr/lib/gcc/arm-none-eabi/4.8/../../../arm-none-eabi/lib/armv7e-m/softfp/libc_nano.a(lib_a-nano-callocr.o)
 .debug_aranges
                0x0000000000000998       0x20 /usr/lib/gcc/arm-none-eabi/4.8/../../../arm-none-eabi/lib/armv7e-m/softfp/libc_nano.a(lib_a-nano-freer.o)
 .debug_aranges
                0x00000000000009b8       0x20 /usr/lib/gcc/arm-none-eabi/4.8/../../../arm-none-eabi/lib/armv7e-m/softfp/libc_nano.a(lib_a-nano-mallocr.o)
 .debug_aranges
                0x00000000000009d8       0x40 /usr/lib/gcc/arm-none-eabi/4.8/../../../arm-none-eabi/lib/armv7e-m/softfp/libc_nano.a(lib_a-nano-vfprintf.o)
 .debug_aranges
                0x0000000000000a18       0x20 /usr/lib/gcc/arm-none-eabi/4.8/../../../arm-none-eabi/lib/armv7e-m/softfp/libc_nano.a(lib_a-sbrkr.o)
 .debug_aranges
                0x0000000000000a38       0x40 /usr/lib/gcc/arm-none-eabi/4.8/../../../arm-none-eabi/lib/armv7e-m/softfp/libc_nano.a(lib_a-stdio.o)
 .debug_aranges
                0x0000000000000a78       0x20 /usr/lib/gcc/arm-none-eabi/4.8/../../../arm-none-eabi/lib/armv7e-m/softfp/libc_nano.a(lib_a-writer.o)
 .debug_aranges
                0x0000000000000a98       0x20 /usr/lib/gcc/arm-none-eabi/4.8/../../../arm-none-eabi/lib/armv7e-m/softfp/libc_nano.a(lib_a-closer.o)
 .debug_aranges
                0x0000000000000ab8       0x28 /usr/lib/gcc/arm-none-eabi/4.8/../../../arm-none-eabi/lib/armv7e-m/softfp/libc_nano.a(lib_a-fclose.o)
 .debug_aranges
                0x0000000000000ae0       0x20 /usr/lib/gcc/arm-none-eabi/4.8/../../../arm-none-eabi/lib/armv7e-m/softfp/libc_nano.a(lib_a-fstatr.o)
 .debug_aranges
                0x0000000000000b00       0x20 /usr/lib/gcc/arm-none-eabi/4.8/../../../arm-none-eabi/lib/armv7e-m/softfp/libc_nano.a(lib_a-isattyr.o)
 .debug_aranges
                0x0000000000000b20       0x20 /usr/lib/gcc/arm-none-eabi/4.8/../../../arm-none-eabi/lib/armv7e-m/softfp/libc_nano.a(lib_a-lseekr.o)
 .debug_aranges
                0x0000000000000b40       0x20 /usr/lib/gcc/arm-none-eabi/4.8/../../../arm-none-eabi/lib/armv7e-m/softfp/libc_nano.a(lib_a-memchr-stub.o)
 .debug_aranges
                0x0000000000000b60       0x20 /usr/lib/gcc/arm-none-eabi/4.8/../../../arm-none-eabi/lib/armv7e-m/softfp/libc_nano.a(lib_a-readr.o)
 .debug_aranges
                0x0000000000000b80       0x28 /usr/lib/gcc/arm-none-eabi/4.8/../../../arm-none-eabi/lib/armv7e-m/softfp/libc_nano.a(lib_a-reent.o)
 .debug_aranges
                0x0000000000000ba8       0xf0 /usr/lib/gcc/arm-none-eabi/4.8/../../../arm-none-eabi/lib/armv7e-m/softfp/librdimon_nano.a(rdimon-syscalls.o)
 .debug_aranges
                0x0000000000000c98       0x20 /usr/lib/gcc/arm-none-eabi/4.8/../../../arm-none-eabi/lib/armv7e-m/softfp/libc_nano.a(lib_a-errno.o)
 .debug_aranges
                0x0000000000000cb8       0x20 /usr/lib/gcc/arm-none-eabi/4.8/armv7e-m/softfp/libgcc.a(_arm_addsubdf3.o)
 .debug_aranges
                0x0000000000000cd8       0x20 /usr/lib/gcc/arm-none-eabi/4.8/armv7e-m/softfp/libgcc.a(_arm_muldivdf3.o)
 .debug_aranges
                0x0000000000000cf8       0x20 /usr/lib/gcc/arm-none-eabi/4.8/armv7e-m/softfp/libgcc.a(_arm_cmpdf2.o)
 .debug_aranges
                0x0000000000000d18       0x20 /usr/lib/gcc/arm-none-eabi/4.8/armv7e-m/softfp/libgcc.a(_arm_fixdfsi.o)

.debug_ranges   0x0000000000000000      0xc08
 .debug_ranges  0x0000000000000000       0xc0 build/stm32f4xx_hal.o
 .debug_ranges  0x00000000000000c0       0xf8 build/stm32f4xx_hal_cortex.o
 .debug_ranges  0x00000000000001b8       0x48 build/stm32f4xx_hal_gpio.o
 .debug_ranges  0x0000000000000200      0x1d8 build/stm32f4xx_hal_i2c.o
 .debug_ranges  0x00000000000003d8       0x78 build/stm32f4xx_hal_rcc.o
 .debug_ranges  0x0000000000000450       0x28 build/main.o
 .debug_ranges  0x0000000000000478       0x20 build/stm32f4xx_hal_msp.o
 .debug_ranges  0x0000000000000498       0x10 build/stm32f4xx_it.o
 .debug_ranges  0x00000000000004a8       0x18 build/system_stm32f4xx.o
 .debug_ranges  0x00000000000004c0       0x20 build/startup_stm32f429xx.o
 .debug_ranges  0x00000000000004e0       0x10 /usr/lib/gcc/arm-none-eabi/4.8/../../../arm-none-eabi/lib/armv7e-m/softfp/libc_nano.a(lib_a-init.o)
 .debug_ranges  0x00000000000004f0       0x10 /usr/lib/gcc/arm-none-eabi/4.8/../../../arm-none-eabi/lib/armv7e-m/softfp/libc_nano.a(lib_a-memset.o)
 .debug_ranges  0x0000000000000500       0x90 /usr/lib/gcc/arm-none-eabi/4.8/../../../arm-none-eabi/lib/armv7e-m/softfp/libc_nano.a(lib_a-nano-vfprintf_float.o)
 .debug_ranges  0x0000000000000590       0x18 /usr/lib/gcc/arm-none-eabi/4.8/../../../arm-none-eabi/lib/armv7e-m/softfp/libc_nano.a(lib_a-nano-vfprintf_i.o)
 .debug_ranges  0x00000000000005a8       0x18 /usr/lib/gcc/arm-none-eabi/4.8/../../../arm-none-eabi/lib/armv7e-m/softfp/libc_nano.a(lib_a-printf.o)
 .debug_ranges  0x00000000000005c0       0x18 /usr/lib/gcc/arm-none-eabi/4.8/../../../arm-none-eabi/lib/armv7e-m/softfp/libc_nano.a(lib_a-puts.o)
 .debug_ranges  0x00000000000005d8       0x10 /usr/lib/gcc/arm-none-eabi/4.8/../../../arm-none-eabi/lib/armv7e-m/softfp/libc_nano.a(lib_a-s_fpclassify.o)
 .debug_ranges  0x00000000000005e8       0x10 /usr/lib/gcc/arm-none-eabi/4.8/../../../arm-none-eabi/lib/armv7e-m/softfp/libc_nano.a(lib_a-strlen.o)
 .debug_ranges  0x00000000000005f8       0x18 /usr/lib/gcc/arm-none-eabi/4.8/../../../arm-none-eabi/lib/armv7e-m/softfp/libc_nano.a(lib_a-wbuf.o)
 .debug_ranges  0x0000000000000610       0x30 /usr/lib/gcc/arm-none-eabi/4.8/../../../arm-none-eabi/lib/armv7e-m/softfp/libc_nano.a(lib_a-wsetup.o)
 .debug_ranges  0x0000000000000640       0x30 /usr/lib/gcc/arm-none-eabi/4.8/../../../arm-none-eabi/lib/armv7e-m/softfp/libc_nano.a(lib_a-dtoa.o)
 .debug_ranges  0x0000000000000670       0x20 /usr/lib/gcc/arm-none-eabi/4.8/../../../arm-none-eabi/lib/armv7e-m/softfp/libc_nano.a(lib_a-fflush.o)
 .debug_ranges  0x0000000000000690       0x78 /usr/lib/gcc/arm-none-eabi/4.8/../../../arm-none-eabi/lib/armv7e-m/softfp/libc_nano.a(lib_a-findfp.o)
 .debug_ranges  0x0000000000000708       0x18 /usr/lib/gcc/arm-none-eabi/4.8/../../../arm-none-eabi/lib/armv7e-m/softfp/libc_nano.a(lib_a-fwalk.o)
 .debug_ranges  0x0000000000000720       0x48 /usr/lib/gcc/arm-none-eabi/4.8/../../../arm-none-eabi/lib/armv7e-m/softfp/libc_nano.a(lib_a-locale.o)
 .debug_ranges  0x0000000000000768       0x10 /usr/lib/gcc/arm-none-eabi/4.8/../../../arm-none-eabi/lib/armv7e-m/softfp/libc_nano.a(lib_a-makebuf.o)
 .debug_ranges  0x0000000000000778       0x18 /usr/lib/gcc/arm-none-eabi/4.8/../../../arm-none-eabi/lib/armv7e-m/softfp/libc_nano.a(lib_a-malloc.o)
 .debug_ranges  0x0000000000000790       0x10 /usr/lib/gcc/arm-none-eabi/4.8/../../../arm-none-eabi/lib/armv7e-m/softfp/libc_nano.a(lib_a-memcpy-stub.o)
 .debug_ranges  0x00000000000007a0       0xd0 /usr/lib/gcc/arm-none-eabi/4.8/../../../arm-none-eabi/lib/armv7e-m/softfp/libc_nano.a(lib_a-mprec.o)
 .debug_ranges  0x0000000000000870       0x10 /usr/lib/gcc/arm-none-eabi/4.8/../../../arm-none-eabi/lib/armv7e-m/softfp/libc_nano.a(lib_a-nano-callocr.o)
 .debug_ranges  0x0000000000000880       0x28 /usr/lib/gcc/arm-none-eabi/4.8/../../../arm-none-eabi/lib/armv7e-m/softfp/libc_nano.a(lib_a-nano-freer.o)
 .debug_ranges  0x00000000000008a8       0x28 /usr/lib/gcc/arm-none-eabi/4.8/../../../arm-none-eabi/lib/armv7e-m/softfp/libc_nano.a(lib_a-nano-mallocr.o)
 .debug_ranges  0x00000000000008d0       0x30 /usr/lib/gcc/arm-none-eabi/4.8/../../../arm-none-eabi/lib/armv7e-m/softfp/libc_nano.a(lib_a-nano-vfprintf.o)
 .debug_ranges  0x0000000000000900       0x10 /usr/lib/gcc/arm-none-eabi/4.8/../../../arm-none-eabi/lib/armv7e-m/softfp/libc_nano.a(lib_a-sbrkr.o)
 .debug_ranges  0x0000000000000910       0x30 /usr/lib/gcc/arm-none-eabi/4.8/../../../arm-none-eabi/lib/armv7e-m/softfp/libc_nano.a(lib_a-stdio.o)
 .debug_ranges  0x0000000000000940       0x10 /usr/lib/gcc/arm-none-eabi/4.8/../../../arm-none-eabi/lib/armv7e-m/softfp/libc_nano.a(lib_a-writer.o)
 .debug_ranges  0x0000000000000950       0x10 /usr/lib/gcc/arm-none-eabi/4.8/../../../arm-none-eabi/lib/armv7e-m/softfp/libc_nano.a(lib_a-closer.o)
 .debug_ranges  0x0000000000000960       0x18 /usr/lib/gcc/arm-none-eabi/4.8/../../../arm-none-eabi/lib/armv7e-m/softfp/libc_nano.a(lib_a-fclose.o)
 .debug_ranges  0x0000000000000978       0x10 /usr/lib/gcc/arm-none-eabi/4.8/../../../arm-none-eabi/lib/armv7e-m/softfp/libc_nano.a(lib_a-fstatr.o)
 .debug_ranges  0x0000000000000988       0x10 /usr/lib/gcc/arm-none-eabi/4.8/../../../arm-none-eabi/lib/armv7e-m/softfp/libc_nano.a(lib_a-isattyr.o)
 .debug_ranges  0x0000000000000998       0x10 /usr/lib/gcc/arm-none-eabi/4.8/../../../arm-none-eabi/lib/armv7e-m/softfp/libc_nano.a(lib_a-lseekr.o)
 .debug_ranges  0x00000000000009a8       0x10 /usr/lib/gcc/arm-none-eabi/4.8/../../../arm-none-eabi/lib/armv7e-m/softfp/libc_nano.a(lib_a-memchr-stub.o)
 .debug_ranges  0x00000000000009b8       0x10 /usr/lib/gcc/arm-none-eabi/4.8/../../../arm-none-eabi/lib/armv7e-m/softfp/libc_nano.a(lib_a-readr.o)
 .debug_ranges  0x00000000000009c8       0x30 /usr/lib/gcc/arm-none-eabi/4.8/../../../arm-none-eabi/lib/armv7e-m/softfp/libc_nano.a(lib_a-reent.o)
 .debug_ranges  0x00000000000009f8      0x200 /usr/lib/gcc/arm-none-eabi/4.8/../../../arm-none-eabi/lib/armv7e-m/softfp/librdimon_nano.a(rdimon-syscalls.o)
 .debug_ranges  0x0000000000000bf8       0x10 /usr/lib/gcc/arm-none-eabi/4.8/../../../arm-none-eabi/lib/armv7e-m/softfp/libc_nano.a(lib_a-errno.o)

.debug_line     0x0000000000000000     0x747f
 .debug_line    0x0000000000000000      0x349 build/stm32f4xx_hal.o
 .debug_line    0x0000000000000349      0x43e build/stm32f4xx_hal_cortex.o
 .debug_line    0x0000000000000787      0x368 build/stm32f4xx_hal_gpio.o
 .debug_line    0x0000000000000aef      0xe52 build/stm32f4xx_hal_i2c.o
 .debug_line    0x0000000000001941      0x572 build/stm32f4xx_hal_rcc.o
 .debug_line    0x0000000000001eb3      0x235 build/main.o